../Core/Src/main.c:86:6:HAL_ADC_ConvCpltCallback	16	static
../Core/Src/main.c:117:5:main	32	static
../Core/Src/main.c:210:6:SystemClock_Config	88	static
../Core/Src/main.c:257:13:MX_ADC1_Init	24	static
../Core/Src/main.c:309:13:MX_TIM3_Init	32	static
../Core/Src/main.c:354:13:MX_USART2_UART_Init	8	static
../Core/Src/main.c:385:13:MX_DMA_Init	16	static
../Core/Src/main.c:403:13:MX_GPIO_Init	48	static
../Core/Src/main.c:436:1:__io_putchar	16	static
../Core/Src/main.c:447:6:Error_Handler	4	static,ignoring_inline_asm
