../Core/Src/main.c:99:6:HAL_ADC_ConvCpltCallback	16	static
../Core/Src/main.c:113:6:HAL_I2SEx_TxRxHalfCpltCallback	16	static
../Core/Src/main.c:122:6:HAL_I2SEx_TxRxCpltCallback	16	static
../Core/Src/main.c:130:6:processData	16	static
../Core/Src/main.c:181:5:main	8	static
../Core/Src/main.c:254:6:SystemClock_Config	88	static
../Core/Src/main.c:301:13:MX_ADC1_Init	24	static
../Core/Src/main.c:398:13:MX_I2C1_Init	8	static
../Core/Src/main.c:432:13:MX_I2S2_Init	8	static
../Core/Src/main.c:466:13:MX_TIM2_Init	32	static
../Core/Src/main.c:511:13:MX_TIM3_Init	32	static
../Core/Src/main.c:554:13:MX_DMA_Init	16	static
../Core/Src/main.c:579:13:MX_GPIO_Init	40	static
../Core/Src/main.c:628:6:Error_Handler	4	static,ignoring_inline_asm
