../Core/Src/main.c:115:6:HAL_ADC_ConvCpltCallback	16	static
../Core/Src/main.c:132:6:update_filter_settings	32	static
../Core/Src/main.c:150:6:HAL_I2SEx_TxRxHalfCpltCallback	16	static
../Core/Src/main.c:159:6:HAL_I2SEx_TxRxCpltCallback	16	static
../Core/Src/main.c:167:6:processData	16	static
../Core/Src/main.c:221:5:main	8	static
../Core/Src/main.c:297:6:SystemClock_Config	88	static
../Core/Src/main.c:344:13:MX_ADC1_Init	24	static
../Core/Src/main.c:441:13:MX_I2C1_Init	8	static
../Core/Src/main.c:475:13:MX_I2S2_Init	8	static
../Core/Src/main.c:509:13:MX_TIM2_Init	32	static
../Core/Src/main.c:554:13:MX_TIM3_Init	32	static
../Core/Src/main.c:597:13:MX_DMA_Init	16	static
../Core/Src/main.c:622:13:MX_GPIO_Init	40	static
../Core/Src/main.c:671:6:Error_Handler	4	static,ignoring_inline_asm
