14:29:22 **** Incremental Build of configuration Debug for project FFT ****
make -j8 all 
arm-none-eabi-gcc "../Core/Src/main.c" -mcpu=cortex-m4 -std=gnu11 -g3 -DDEBUG -DUSE_HAL_DRIVER -DSTM32F401xE -c -I../Core/Inc -I../Drivers/STM32F4xx_HAL_Driver/Inc -I../Drivers/STM32F4xx_HAL_Driver/Inc/Legacy -I../Drivers/CMSIS/Device/ST/STM32F4xx/Include -I../Drivers/CMSIS/Include -O0 -ffunction-sections -fdata-sections -Wall -fstack-usage -fcyclomatic-complexity -MMD -MP -MF"Core/Src/main.d" -MT"Core/Src/main.o" --specs=nano.specs -mfpu=fpv4-sp-d16 -mfloat-abi=hard -mthumb -o "Core/Src/main.o"
../Core/Src/main.c: In function 'main':
../Core/Src/main.c:190:50: warning: passing argument 2 of 'arm_rfft_fast_f32' from incompatible pointer type [-Wincompatible-pointer-types]
  190 |                   arm_rfft_fast_f32(&fftHandler, &fftBufIn, &fftBufOut, 0);     //perform FFT and send results to out buffer
      |                                                  ^~~~~~~~~
      |                                                  |
      |                                                  float32_t (*)[4096] {aka float (*)[4096]}
In file included from ../Core/Src/main.c:25:
../Core/Inc/arm_math.h:2248:15: note: expected 'float32_t *' {aka 'float *'} but argument is of type 'float32_t (*)[4096]' {aka 'float (*)[4096]'}
 2248 |   float32_t * p, float32_t * pOut,
      |   ~~~~~~~~~~~~^
../Core/Src/main.c:190:61: warning: passing argument 3 of 'arm_rfft_fast_f32' from incompatible pointer type [-Wincompatible-pointer-types]
  190 |                   arm_rfft_fast_f32(&fftHandler, &fftBufIn, &fftBufOut, 0);     //perform FFT and send results to out buffer
      |                                                             ^~~~~~~~~~
      |                                                             |
      |                                                             float32_t (*)[4096] {aka float (*)[4096]}
../Core/Inc/arm_math.h:2248:30: note: expected 'float32_t *' {aka 'float *'} but argument is of type 'float32_t (*)[4096]' {aka 'float (*)[4096]'}
 2248 |   float32_t * p, float32_t * pOut,
      |                  ~~~~~~~~~~~~^~~~
../Core/Src/main.c:191:37: warning: passing argument 1 of 'arm_cmplx_mag_f32' from incompatible pointer type [-Wincompatible-pointer-types]
  191 |                   arm_cmplx_mag_f32(&fftBufOut, &magOutBuf, FFT_BUFFER_SIZE/2);
      |                                     ^~~~~~~~~~
      |                                     |
      |                                     float32_t (*)[4096] {aka float (*)[4096]}
../Core/Inc/arm_math.h:6313:15: note: expected 'float32_t *' {aka 'float *'} but argument is of type 'float32_t (*)[4096]' {aka 'float (*)[4096]'}
 6313 |   float32_t * pSrc,
      |   ~~~~~~~~~~~~^~~~
../Core/Src/main.c:191:49: warning: passing argument 2 of 'arm_cmplx_mag_f32' from incompatible pointer type [-Wincompatible-pointer-types]
  191 |                   arm_cmplx_mag_f32(&fftBufOut, &magOutBuf, FFT_BUFFER_SIZE/2);
      |                                                 ^~~~~~~~~~
      |                                                 |
      |                                                 float32_t (*)[4096] {aka float (*)[4096]}
../Core/Inc/arm_math.h:6314:15: note: expected 'float32_t *' {aka 'float *'} but argument is of type 'float32_t (*)[4096]' {aka 'float (*)[4096]'}
 6314 |   float32_t * pDst,
      |   ~~~~~~~~~~~~^~~~
../Core/Src/main.c:193:31: warning: passing argument 1 of 'arm_max_f32' from incompatible pointer type [-Wincompatible-pointer-types]
  193 |                   arm_max_f32(&magOutBuf, FFT_BUFFER_SIZE/2, &MaxVal, &MaxIndex);
      |                               ^~~~~~~~~~
      |                               |
      |                               float32_t (*)[4096] {aka float (*)[4096]}
../Core/Inc/arm_math.h:6538:15: note: expected 'float32_t *' {aka 'float *'} but argument is of type 'float32_t (*)[4096]' {aka 'float (*)[4096]'}
 6538 |   float32_t * pSrc,
      |   ~~~~~~~~~~~~^~~~
../Core/Src/main.c:193:71: warning: passing argument 4 of 'arm_max_f32' from incompatible pointer type [-Wincompatible-pointer-types]
  193 |                   arm_max_f32(&magOutBuf, FFT_BUFFER_SIZE/2, &MaxVal, &MaxIndex);
      |                                                                       ^~~~~~~~~
      |                                                                       |
      |                                                                       uint16_t * {aka short unsigned int *}
../Core/Inc/arm_math.h:6541:14: note: expected 'uint32_t *' {aka 'long unsigned int *'} but argument is of type 'uint16_t *' {aka 'short unsigned int *'}
 6541 |   uint32_t * pIndex);
      |   ~~~~~~~~~~~^~~~~~
../Core/Src/main.c:194:19: warning: implicit declaration of function 'printf' [-Wimplicit-function-declaration]
  194 |                   printf("Index = %i\r\n", MaxIndex);
      |                   ^~~~~~
../Core/Src/main.c:26:1: note: include '<stdio.h>' or provide a declaration of 'printf'
   25 | #include "arm_math.h"
  +++ |+#include <stdio.h>
   26 | /* USER CODE END Includes */
../Core/Src/main.c:194:19: warning: incompatible implicit declaration of built-in function 'printf' [-Wbuiltin-declaration-mismatch]
  194 |                   printf("Index = %i\r\n", MaxIndex);
      |                   ^~~~~~
../Core/Src/main.c:194:19: note: include '<stdio.h>' or provide a declaration of 'printf'
../Core/Src/main.c:163:11: warning: unused variable 'val' [-Wunused-variable]
  163 |   int16_t val = 0.0f;
      |           ^~~
../Core/Src/main.c:162:13: warning: unused variable 'curVal' [-Wunused-variable]
  162 |   float32_t curVal = 0.0f;
      |             ^~~~~~
../Core/Src/main.c:161:12: warning: unused variable 'peakHz' [-Wunused-variable]
  161 |   uint16_t peakHz = 0;
      |            ^~~~~~
../Core/Src/main.c:160:13: warning: unused variable 'peakVal' [-Wunused-variable]
  160 |   float32_t peakVal = 0.0f;
      |             ^~~~~~~
arm-none-eabi-gcc -o "FFT.elf" @"objects.list"  -larm_cortexM4lf_math -mcpu=cortex-m4 -T"C:\Users\chase\Desktop\DSP_PROJECT\DSP_Projects\Firmware\FFT\FFT\STM32F401RETX_FLASH.ld" --specs=nosys.specs -Wl,-Map="FFT.map" -Wl,--gc-sections -static -L"C:\Users\chase\Desktop\DSP_PROJECT\DSP_Projects\Firmware\FFT\FFT\Lib" -u_printf_float --specs=nano.specs -mfpu=fpv4-sp-d16 -mfloat-abi=hard -mthumb -Wl,--start-group -lc -lm -Wl,--end-group
Finished building target: FFT.elf
 
arm-none-eabi-size  FFT.elf 
arm-none-eabi-objdump -h -S FFT.elf  > "FFT.list"
   text	   data	    bss	    dec	    hex	filename
 112940	    468	  51404	 164812	  283cc	FFT.elf
Finished building: default.size.stdout
 
Finished building: FFT.list
 

14:29:24 Build Finished. 0 errors, 12 warnings. (took 2s.126ms)

