11:22:20 **** Incremental Build of configuration Debug for project FFT ****
make -j8 all 
arm-none-eabi-gcc "../Core/Src/main.c" -mcpu=cortex-m4 -std=gnu11 -g3 -DDEBUG -DUSE_HAL_DRIVER -DSTM32F401xE -c -I../Core/Inc -I../Drivers/STM32F4xx_HAL_Driver/Inc -I../Drivers/STM32F4xx_HAL_Driver/Inc/Legacy -I../Drivers/CMSIS/Device/ST/STM32F4xx/Include -I../Drivers/CMSIS/Include -O0 -ffunction-sections -fdata-sections -Wall -fstack-usage -fcyclomatic-complexity -MMD -MP -MF"Core/Src/main.d" -MT"Core/Src/main.o" --specs=nano.specs -mfpu=fpv4-sp-d16 -mfloat-abi=hard -mthumb -o "Core/Src/main.o"
../Core/Src/main.c: In function 'main':
../Core/Src/main.c:101:7: warning: implicit declaration of function 'printf' [-Wimplicit-function-declaration]
  101 |       printf("** Hello Chase ** \n\r");
      |       ^~~~~~
../Core/Src/main.c:21:1: note: include '<stdio.h>' or provide a declaration of 'printf'
   20 | #include "main.h"
  +++ |+#include <stdio.h>
   21 | 
../Core/Src/main.c:101:7: warning: incompatible implicit declaration of built-in function 'printf' [-Wbuiltin-declaration-mismatch]
  101 |       printf("** Hello Chase ** \n\r");
      |       ^~~~~~
../Core/Src/main.c:101:7: note: include '<stdio.h>' or provide a declaration of 'printf'
arm-none-eabi-gcc -o "FFT.elf" @"objects.list"   -mcpu=cortex-m4 -T"C:\Users\chase\Desktop\DSP_PROJECT\DSP_Projects\Firmware\FFT\FFT\STM32F401RETX_FLASH.ld" --specs=nosys.specs -Wl,-Map="FFT.map" -Wl,--gc-sections -static --specs=nano.specs -mfpu=fpv4-sp-d16 -mfloat-abi=hard -mthumb -Wl,--start-group -lc -lm -Wl,--end-group
Finished building target: FFT.elf
 
arm-none-eabi-size  FFT.elf 
arm-none-eabi-objdump -h -S FFT.elf  > "FFT.list"
   text	   data	    bss	    dec	    hex	filename
  12588	    104	   1976	  14668	   394c	FFT.elf
Finished building: default.size.stdout
 
Finished building: FFT.list
 
11:22:29 **** Incremental Build of configuration Debug for project FFT ****
make -j8 all 
arm-none-eabi-size  FFT.elf 
   text	   data	    bss	    dec	    hex	filename
  12588	    104	   1976	  14668	   394c	FFT.elf
Finished building: default.size.stdout
 
11:24:10 **** Incremental Build of configuration Debug for project FFT ****
make -j8 all 
arm-none-eabi-size  FFT.elf 
   text	   data	    bss	    dec	    hex	filename
  12588	    104	   1976	  14668	   394c	FFT.elf
Finished building: default.size.stdout
 
