21:12:17 **** Incremental Build of configuration Debug for project FFT ****
make -j8 all 
arm-none-eabi-size  FFT.elf 
   text	   data	    bss	    dec	    hex	filename
 112612	    468	  18644	 131724	  2028c	FFT.elf
Finished building: default.size.stdout
 
21:12:59 **** Incremental Build of configuration Debug for project FFT ****
make -j8 all 
arm-none-eabi-size  FFT.elf 
   text	   data	    bss	    dec	    hex	filename
 112612	    468	  18644	 131724	  2028c	FFT.elf
Finished building: default.size.stdout
 
21:14:26 **** Incremental Build of configuration Debug for project FFT ****
make -j8 all 
arm-none-eabi-gcc "../Core/Src/main.c" -mcpu=cortex-m4 -std=gnu11 -g3 -DDEBUG -DUSE_HAL_DRIVER -DSTM32F401xE -c -I../Core/Inc -I../Drivers/STM32F4xx_HAL_Driver/Inc -I../Drivers/STM32F4xx_HAL_Driver/Inc/Legacy -I../Drivers/CMSIS/Device/ST/STM32F4xx/Include -I../Drivers/CMSIS/Include -O0 -ffunction-sections -fdata-sections -Wall -fstack-usage -fcyclomatic-complexity -MMD -MP -MF"Core/Src/main.d" -MT"Core/Src/main.o" --specs=nano.specs -mfpu=fpv4-sp-d16 -mfloat-abi=hard -mthumb -o "Core/Src/main.o"
../Core/Src/main.c: In function 'HAL_ADC_ConvCpltCallback':
../Core/Src/main.c:95:48: warning: passing argument 2 of 'arm_rfft_fast_f32' from incompatible pointer type [-Wincompatible-pointer-types]
   95 |                 arm_rfft_fast_f32(&fftHandler, &fftBufIn, &fftBufOut, 0);       //perform FFT and send results to out buffer
      |                                                ^~~~~~~~~
      |                                                |
      |                                                float (*)[2048]
In file included from ../Core/Src/main.c:25:
../Core/Inc/arm_math.h:2248:15: note: expected 'float32_t *' {aka 'float *'} but argument is of type 'float (*)[2048]'
 2248 |   float32_t * p, float32_t * pOut,
      |   ~~~~~~~~~~~~^
../Core/Src/main.c:95:59: warning: passing argument 3 of 'arm_rfft_fast_f32' from incompatible pointer type [-Wincompatible-pointer-types]
   95 |                 arm_rfft_fast_f32(&fftHandler, &fftBufIn, &fftBufOut, 0);       //perform FFT and send results to out buffer
      |                                                           ^~~~~~~~~~
      |                                                           |
      |                                                           float (*)[2048]
../Core/Inc/arm_math.h:2248:30: note: expected 'float32_t *' {aka 'float *'} but argument is of type 'float (*)[2048]'
 2248 |   float32_t * p, float32_t * pOut,
      |                  ~~~~~~~~~~~~^~~~
../Core/Src/main.c:99:17: warning: implicit declaration of function 'printf' [-Wimplicit-function-declaration]
   99 |                 printf("ADC = %i\r\n", adcData[0]);
      |                 ^~~~~~
../Core/Src/main.c:26:1: note: include '<stdio.h>' or provide a declaration of 'printf'
   25 | #include "arm_math.h"
  +++ |+#include <stdio.h>
   26 | /* USER CODE END Includes */
../Core/Src/main.c:99:17: warning: incompatible implicit declaration of built-in function 'printf' [-Wbuiltin-declaration-mismatch]
   99 |                 printf("ADC = %i\r\n", adcData[0]);
      |                 ^~~~~~
../Core/Src/main.c:99:17: note: include '<stdio.h>' or provide a declaration of 'printf'
../Core/Src/main.c: In function 'main':
../Core/Src/main.c:158:19: warning: incompatible implicit declaration of built-in function 'printf' [-Wbuiltin-declaration-mismatch]
  158 |                   printf("debug\r\n");
      |                   ^~~~~~
../Core/Src/main.c:158:19: note: include '<stdio.h>' or provide a declaration of 'printf'
../Core/Src/main.c:152:19: warning: variable 'peakHz' set but not used [-Wunused-but-set-variable]
  152 |   static uint16_t peakHz = 0;
      |                   ^~~~~~
arm-none-eabi-gcc -o "FFT.elf" @"objects.list"  -larm_cortexM4lf_math -mcpu=cortex-m4 -T"C:\Users\chase\Desktop\DSP_PROJECT\DSP_Projects\Firmware\FFT\FFT\STM32F401RETX_FLASH.ld" --specs=nosys.specs -Wl,-Map="FFT.map" -Wl,--gc-sections -static -L"C:\Users\chase\Desktop\DSP_PROJECT\DSP_Projects\Firmware\FFT\FFT\Lib" -u_printf_float --specs=nano.specs -mfpu=fpv4-sp-d16 -mfloat-abi=hard -mthumb -Wl,--start-group -lc -lm -Wl,--end-group
Finished building target: FFT.elf
 
arm-none-eabi-size  FFT.elf 
arm-none-eabi-objdump -h -S FFT.elf  > "FFT.list"
   text	   data	    bss	    dec	    hex	filename
 112612	    468	  18644	 131724	  2028c	FFT.elf
Finished building: default.size.stdout
 
Finished building: FFT.list
 
21:15:55 **** Incremental Build of configuration Debug for project FFT ****
make -j8 all 
arm-none-eabi-gcc "../Core/Src/main.c" -mcpu=cortex-m4 -std=gnu11 -g3 -DDEBUG -DUSE_HAL_DRIVER -DSTM32F401xE -c -I../Core/Inc -I../Drivers/STM32F4xx_HAL_Driver/Inc -I../Drivers/STM32F4xx_HAL_Driver/Inc/Legacy -I../Drivers/CMSIS/Device/ST/STM32F4xx/Include -I../Drivers/CMSIS/Include -O0 -ffunction-sections -fdata-sections -Wall -fstack-usage -fcyclomatic-complexity -MMD -MP -MF"Core/Src/main.d" -MT"Core/Src/main.o" --specs=nano.specs -mfpu=fpv4-sp-d16 -mfloat-abi=hard -mthumb -o "Core/Src/main.o"
../Core/Src/main.c: In function 'HAL_ADC_ConvCpltCallback':
../Core/Src/main.c:95:48: warning: passing argument 2 of 'arm_rfft_fast_f32' from incompatible pointer type [-Wincompatible-pointer-types]
   95 |                 arm_rfft_fast_f32(&fftHandler, &fftBufIn, &fftBufOut, 0);       //perform FFT and send results to out buffer
      |                                                ^~~~~~~~~
      |                                                |
      |                                                float (*)[2048]
In file included from ../Core/Src/main.c:25:
../Core/Inc/arm_math.h:2248:15: note: expected 'float32_t *' {aka 'float *'} but argument is of type 'float (*)[2048]'
 2248 |   float32_t * p, float32_t * pOut,
      |   ~~~~~~~~~~~~^
../Core/Src/main.c:95:59: warning: passing argument 3 of 'arm_rfft_fast_f32' from incompatible pointer type [-Wincompatible-pointer-types]
   95 |                 arm_rfft_fast_f32(&fftHandler, &fftBufIn, &fftBufOut, 0);       //perform FFT and send results to out buffer
      |                                                           ^~~~~~~~~~
      |                                                           |
      |                                                           float (*)[2048]
../Core/Inc/arm_math.h:2248:30: note: expected 'float32_t *' {aka 'float *'} but argument is of type 'float (*)[2048]'
 2248 |   float32_t * p, float32_t * pOut,
      |                  ~~~~~~~~~~~~^~~~
../Core/Src/main.c:99:17: warning: implicit declaration of function 'printf' [-Wimplicit-function-declaration]
   99 |                 printf("ADC = %i\r\n", adcData[0]);
      |                 ^~~~~~
../Core/Src/main.c:26:1: note: include '<stdio.h>' or provide a declaration of 'printf'
   25 | #include "arm_math.h"
  +++ |+#include <stdio.h>
   26 | /* USER CODE END Includes */
../Core/Src/main.c:99:17: warning: incompatible implicit declaration of built-in function 'printf' [-Wbuiltin-declaration-mismatch]
   99 |                 printf("ADC = %i\r\n", adcData[0]);
      |                 ^~~~~~
../Core/Src/main.c:99:17: note: include '<stdio.h>' or provide a declaration of 'printf'
../Core/Src/main.c: In function 'main':
../Core/Src/main.c:172:35: warning: incompatible implicit declaration of built-in function 'printf' [-Wbuiltin-declaration-mismatch]
  172 |                                   printf("mag = %f\r\n", peakVal);
      |                                   ^~~~~~
../Core/Src/main.c:172:35: note: include '<stdio.h>' or provide a declaration of 'printf'
../Core/Src/main.c:152:19: warning: variable 'peakHz' set but not used [-Wunused-but-set-variable]
  152 |   static uint16_t peakHz = 0;
      |                   ^~~~~~
arm-none-eabi-gcc -o "FFT.elf" @"objects.list"  -larm_cortexM4lf_math -mcpu=cortex-m4 -T"C:\Users\chase\Desktop\DSP_PROJECT\DSP_Projects\Firmware\FFT\FFT\STM32F401RETX_FLASH.ld" --specs=nosys.specs -Wl,-Map="FFT.map" -Wl,--gc-sections -static -L"C:\Users\chase\Desktop\DSP_PROJECT\DSP_Projects\Firmware\FFT\FFT\Lib" -u_printf_float --specs=nano.specs -mfpu=fpv4-sp-d16 -mfloat-abi=hard -mthumb -Wl,--start-group -lc -lm -Wl,--end-group
Finished building target: FFT.elf
 
arm-none-eabi-size  FFT.elf 
arm-none-eabi-objdump -h -S FFT.elf  > "FFT.list"
   text	   data	    bss	    dec	    hex	filename
 112404	    468	  18644	 131516	  201bc	FFT.elf
Finished building: default.size.stdout
 
Finished building: FFT.list
 
21:17:20 **** Incremental Build of configuration Debug for project FFT ****
make -j8 all 
arm-none-eabi-gcc "../Core/Src/main.c" -mcpu=cortex-m4 -std=gnu11 -g3 -DDEBUG -DUSE_HAL_DRIVER -DSTM32F401xE -c -I../Core/Inc -I../Drivers/STM32F4xx_HAL_Driver/Inc -I../Drivers/STM32F4xx_HAL_Driver/Inc/Legacy -I../Drivers/CMSIS/Device/ST/STM32F4xx/Include -I../Drivers/CMSIS/Include -O0 -ffunction-sections -fdata-sections -Wall -fstack-usage -fcyclomatic-complexity -MMD -MP -MF"Core/Src/main.d" -MT"Core/Src/main.o" --specs=nano.specs -mfpu=fpv4-sp-d16 -mfloat-abi=hard -mthumb -o "Core/Src/main.o"
../Core/Src/main.c: In function 'HAL_ADC_ConvCpltCallback':
../Core/Src/main.c:95:48: warning: passing argument 2 of 'arm_rfft_fast_f32' from incompatible pointer type [-Wincompatible-pointer-types]
   95 |                 arm_rfft_fast_f32(&fftHandler, &fftBufIn, &fftBufOut, 0);       //perform FFT and send results to out buffer
      |                                                ^~~~~~~~~
      |                                                |
      |                                                float32_t (*)[2048] {aka float (*)[2048]}
In file included from ../Core/Src/main.c:25:
../Core/Inc/arm_math.h:2248:15: note: expected 'float32_t *' {aka 'float *'} but argument is of type 'float32_t (*)[2048]' {aka 'float (*)[2048]'}
 2248 |   float32_t * p, float32_t * pOut,
      |   ~~~~~~~~~~~~^
../Core/Src/main.c:95:59: warning: passing argument 3 of 'arm_rfft_fast_f32' from incompatible pointer type [-Wincompatible-pointer-types]
   95 |                 arm_rfft_fast_f32(&fftHandler, &fftBufIn, &fftBufOut, 0);       //perform FFT and send results to out buffer
      |                                                           ^~~~~~~~~~
      |                                                           |
      |                                                           float32_t (*)[2048] {aka float (*)[2048]}
../Core/Inc/arm_math.h:2248:30: note: expected 'float32_t *' {aka 'float *'} but argument is of type 'float32_t (*)[2048]' {aka 'float (*)[2048]'}
 2248 |   float32_t * p, float32_t * pOut,
      |                  ~~~~~~~~~~~~^~~~
../Core/Src/main.c:99:17: warning: implicit declaration of function 'printf' [-Wimplicit-function-declaration]
   99 |                 printf("ADC = %i\r\n", adcData[0]);
      |                 ^~~~~~
../Core/Src/main.c:26:1: note: include '<stdio.h>' or provide a declaration of 'printf'
   25 | #include "arm_math.h"
  +++ |+#include <stdio.h>
   26 | /* USER CODE END Includes */
../Core/Src/main.c:99:17: warning: incompatible implicit declaration of built-in function 'printf' [-Wbuiltin-declaration-mismatch]
   99 |                 printf("ADC = %i\r\n", adcData[0]);
      |                 ^~~~~~
../Core/Src/main.c:99:17: note: include '<stdio.h>' or provide a declaration of 'printf'
../Core/Src/main.c: In function 'main':
../Core/Src/main.c:172:35: warning: incompatible implicit declaration of built-in function 'printf' [-Wbuiltin-declaration-mismatch]
  172 |                                   printf("mag = %f\r\n", peakVal);
      |                                   ^~~~~~
../Core/Src/main.c:172:35: note: include '<stdio.h>' or provide a declaration of 'printf'
../Core/Src/main.c:152:19: warning: variable 'peakHz' set but not used [-Wunused-but-set-variable]
  152 |   static uint16_t peakHz = 0;
      |                   ^~~~~~
arm-none-eabi-gcc -o "FFT.elf" @"objects.list"  -larm_cortexM4lf_math -mcpu=cortex-m4 -T"C:\Users\chase\Desktop\DSP_PROJECT\DSP_Projects\Firmware\FFT\FFT\STM32F401RETX_FLASH.ld" --specs=nosys.specs -Wl,-Map="FFT.map" -Wl,--gc-sections -static -L"C:\Users\chase\Desktop\DSP_PROJECT\DSP_Projects\Firmware\FFT\FFT\Lib" -u_printf_float --specs=nano.specs -mfpu=fpv4-sp-d16 -mfloat-abi=hard -mthumb -Wl,--start-group -lc -lm -Wl,--end-group
Finished building target: FFT.elf
 
arm-none-eabi-size  FFT.elf 
arm-none-eabi-objdump -h -S FFT.elf  > "FFT.list"
   text	   data	    bss	    dec	    hex	filename
 112404	    468	  18644	 131516	  201bc	FFT.elf
Finished building: default.size.stdout
 
Finished building: FFT.list
 
21:20:49 **** Incremental Build of configuration Debug for project FFT ****
make -j8 all 
arm-none-eabi-gcc "../Core/Src/main.c" -mcpu=cortex-m4 -std=gnu11 -g3 -DDEBUG -DUSE_HAL_DRIVER -DSTM32F401xE -c -I../Core/Inc -I../Drivers/STM32F4xx_HAL_Driver/Inc -I../Drivers/STM32F4xx_HAL_Driver/Inc/Legacy -I../Drivers/CMSIS/Device/ST/STM32F4xx/Include -I../Drivers/CMSIS/Include -O0 -ffunction-sections -fdata-sections -Wall -fstack-usage -fcyclomatic-complexity -MMD -MP -MF"Core/Src/main.d" -MT"Core/Src/main.o" --specs=nano.specs -mfpu=fpv4-sp-d16 -mfloat-abi=hard -mthumb -o "Core/Src/main.o"
../Core/Src/main.c: In function 'HAL_ADC_ConvCpltCallback':
../Core/Src/main.c:95:48: warning: passing argument 2 of 'arm_rfft_fast_f32' from incompatible pointer type [-Wincompatible-pointer-types]
   95 |                 arm_rfft_fast_f32(&fftHandler, &fftBufIn, &fftBufOut, 0);       //perform FFT and send results to out buffer
      |                                                ^~~~~~~~~
      |                                                |
      |                                                float32_t (*)[2048] {aka float (*)[2048]}
In file included from ../Core/Src/main.c:25:
../Core/Inc/arm_math.h:2248:15: note: expected 'float32_t *' {aka 'float *'} but argument is of type 'float32_t (*)[2048]' {aka 'float (*)[2048]'}
 2248 |   float32_t * p, float32_t * pOut,
      |   ~~~~~~~~~~~~^
../Core/Src/main.c:95:59: warning: passing argument 3 of 'arm_rfft_fast_f32' from incompatible pointer type [-Wincompatible-pointer-types]
   95 |                 arm_rfft_fast_f32(&fftHandler, &fftBufIn, &fftBufOut, 0);       //perform FFT and send results to out buffer
      |                                                           ^~~~~~~~~~
      |                                                           |
      |                                                           float32_t (*)[2048] {aka float (*)[2048]}
../Core/Inc/arm_math.h:2248:30: note: expected 'float32_t *' {aka 'float *'} but argument is of type 'float32_t (*)[2048]' {aka 'float (*)[2048]'}
 2248 |   float32_t * p, float32_t * pOut,
      |                  ~~~~~~~~~~~~^~~~
../Core/Src/main.c:99:17: warning: implicit declaration of function 'printf' [-Wimplicit-function-declaration]
   99 |                 printf("ADC = %i\r\n", adcData[0]);
      |                 ^~~~~~
../Core/Src/main.c:26:1: note: include '<stdio.h>' or provide a declaration of 'printf'
   25 | #include "arm_math.h"
  +++ |+#include <stdio.h>
   26 | /* USER CODE END Includes */
../Core/Src/main.c:99:17: warning: incompatible implicit declaration of built-in function 'printf' [-Wbuiltin-declaration-mismatch]
   99 |                 printf("ADC = %i\r\n", adcData[0]);
      |                 ^~~~~~
../Core/Src/main.c:99:17: note: include '<stdio.h>' or provide a declaration of 'printf'
../Core/Src/main.c: In function 'main':
../Core/Src/main.c:172:35: warning: incompatible implicit declaration of built-in function 'printf' [-Wbuiltin-declaration-mismatch]
  172 |                                   printf("mag = %f\r\n", peakVal);
      |                                   ^~~~~~
../Core/Src/main.c:172:35: note: include '<stdio.h>' or provide a declaration of 'printf'
../Core/Src/main.c:152:19: warning: variable 'peakHz' set but not used [-Wunused-but-set-variable]
  152 |   static uint16_t peakHz = 0;
      |                   ^~~~~~
arm-none-eabi-gcc -o "FFT.elf" @"objects.list"  -larm_cortexM4lf_math -mcpu=cortex-m4 -T"C:\Users\chase\Desktop\DSP_PROJECT\DSP_Projects\Firmware\FFT\FFT\STM32F401RETX_FLASH.ld" --specs=nosys.specs -Wl,-Map="FFT.map" -Wl,--gc-sections -static -L"C:\Users\chase\Desktop\DSP_PROJECT\DSP_Projects\Firmware\FFT\FFT\Lib" -u_printf_float --specs=nano.specs -mfpu=fpv4-sp-d16 -mfloat-abi=hard -mthumb -Wl,--start-group -lc -lm -Wl,--end-group
Finished building target: FFT.elf
 
arm-none-eabi-size  FFT.elf 
arm-none-eabi-objdump -h -S FFT.elf  > "FFT.list"
   text	   data	    bss	    dec	    hex	filename
 112412	    468	  18644	 131524	  201c4	FFT.elf
Finished building: default.size.stdout
 
Finished building: FFT.list
 
21:22:27 **** Incremental Build of configuration Debug for project FFT ****
make -j8 all 
arm-none-eabi-gcc "../Core/Src/main.c" -mcpu=cortex-m4 -std=gnu11 -g3 -DDEBUG -DUSE_HAL_DRIVER -DSTM32F401xE -c -I../Core/Inc -I../Drivers/STM32F4xx_HAL_Driver/Inc -I../Drivers/STM32F4xx_HAL_Driver/Inc/Legacy -I../Drivers/CMSIS/Device/ST/STM32F4xx/Include -I../Drivers/CMSIS/Include -O0 -ffunction-sections -fdata-sections -Wall -fstack-usage -fcyclomatic-complexity -MMD -MP -MF"Core/Src/main.d" -MT"Core/Src/main.o" --specs=nano.specs -mfpu=fpv4-sp-d16 -mfloat-abi=hard -mthumb -o "Core/Src/main.o"
../Core/Src/main.c: In function 'HAL_ADC_ConvCpltCallback':
../Core/Src/main.c:95:48: warning: passing argument 2 of 'arm_rfft_fast_f32' from incompatible pointer type [-Wincompatible-pointer-types]
   95 |                 arm_rfft_fast_f32(&fftHandler, &fftBufIn, &fftBufOut, 0);       //perform FFT and send results to out buffer
      |                                                ^~~~~~~~~
      |                                                |
      |                                                float32_t (*)[2048] {aka float (*)[2048]}
In file included from ../Core/Src/main.c:25:
../Core/Inc/arm_math.h:2248:15: note: expected 'float32_t *' {aka 'float *'} but argument is of type 'float32_t (*)[2048]' {aka 'float (*)[2048]'}
 2248 |   float32_t * p, float32_t * pOut,
      |   ~~~~~~~~~~~~^
../Core/Src/main.c:95:59: warning: passing argument 3 of 'arm_rfft_fast_f32' from incompatible pointer type [-Wincompatible-pointer-types]
   95 |                 arm_rfft_fast_f32(&fftHandler, &fftBufIn, &fftBufOut, 0);       //perform FFT and send results to out buffer
      |                                                           ^~~~~~~~~~
      |                                                           |
      |                                                           float32_t (*)[2048] {aka float (*)[2048]}
../Core/Inc/arm_math.h:2248:30: note: expected 'float32_t *' {aka 'float *'} but argument is of type 'float32_t (*)[2048]' {aka 'float (*)[2048]'}
 2248 |   float32_t * p, float32_t * pOut,
      |                  ~~~~~~~~~~~~^~~~
../Core/Src/main.c:99:17: warning: implicit declaration of function 'printf' [-Wimplicit-function-declaration]
   99 |                 printf("ADC = %i\r\n", adcData[0]);
      |                 ^~~~~~
../Core/Src/main.c:26:1: note: include '<stdio.h>' or provide a declaration of 'printf'
   25 | #include "arm_math.h"
  +++ |+#include <stdio.h>
   26 | /* USER CODE END Includes */
../Core/Src/main.c:99:17: warning: incompatible implicit declaration of built-in function 'printf' [-Wbuiltin-declaration-mismatch]
   99 |                 printf("ADC = %i\r\n", adcData[0]);
      |                 ^~~~~~
../Core/Src/main.c:99:17: note: include '<stdio.h>' or provide a declaration of 'printf'
../Core/Src/main.c: In function 'main':
../Core/Src/main.c:172:35: warning: incompatible implicit declaration of built-in function 'printf' [-Wbuiltin-declaration-mismatch]
  172 |                                   printf("mag = %f\r\n", peakVal);
      |                                   ^~~~~~
../Core/Src/main.c:172:35: note: include '<stdio.h>' or provide a declaration of 'printf'
../Core/Src/main.c:152:19: warning: variable 'peakHz' set but not used [-Wunused-but-set-variable]
  152 |   static uint16_t peakHz = 0;
      |                   ^~~~~~
arm-none-eabi-gcc -o "FFT.elf" @"objects.list"  -larm_cortexM4lf_math -mcpu=cortex-m4 -T"C:\Users\chase\Desktop\DSP_PROJECT\DSP_Projects\Firmware\FFT\FFT\STM32F401RETX_FLASH.ld" --specs=nosys.specs -Wl,-Map="FFT.map" -Wl,--gc-sections -static -L"C:\Users\chase\Desktop\DSP_PROJECT\DSP_Projects\Firmware\FFT\FFT\Lib" -u_printf_float --specs=nano.specs -mfpu=fpv4-sp-d16 -mfloat-abi=hard -mthumb -Wl,--start-group -lc -lm -Wl,--end-group
Finished building target: FFT.elf
 
arm-none-eabi-size  FFT.elf 
arm-none-eabi-objdump -h -S FFT.elf  > "FFT.list"
   text	   data	    bss	    dec	    hex	filename
 112404	    468	  18644	 131516	  201bc	FFT.elf
Finished building: default.size.stdout
 
Finished building: FFT.list
 
21:25:30 **** Incremental Build of configuration Debug for project FFT ****
make -j8 all 
arm-none-eabi-gcc "../Core/Src/main.c" -mcpu=cortex-m4 -std=gnu11 -g3 -DDEBUG -DUSE_HAL_DRIVER -DSTM32F401xE -c -I../Core/Inc -I../Drivers/STM32F4xx_HAL_Driver/Inc -I../Drivers/STM32F4xx_HAL_Driver/Inc/Legacy -I../Drivers/CMSIS/Device/ST/STM32F4xx/Include -I../Drivers/CMSIS/Include -O0 -ffunction-sections -fdata-sections -Wall -fstack-usage -fcyclomatic-complexity -MMD -MP -MF"Core/Src/main.d" -MT"Core/Src/main.o" --specs=nano.specs -mfpu=fpv4-sp-d16 -mfloat-abi=hard -mthumb -o "Core/Src/main.o"
../Core/Src/main.c: In function 'HAL_ADC_ConvCpltCallback':
../Core/Src/main.c:95:48: warning: passing argument 2 of 'arm_rfft_fast_f32' from incompatible pointer type [-Wincompatible-pointer-types]
   95 |                 arm_rfft_fast_f32(&fftHandler, &fftBufIn, &fftBufOut, 0);       //perform FFT and send results to out buffer
      |                                                ^~~~~~~~~
      |                                                |
      |                                                float32_t (*)[2048] {aka float (*)[2048]}
In file included from ../Core/Src/main.c:25:
../Core/Inc/arm_math.h:2248:15: note: expected 'float32_t *' {aka 'float *'} but argument is of type 'float32_t (*)[2048]' {aka 'float (*)[2048]'}
 2248 |   float32_t * p, float32_t * pOut,
      |   ~~~~~~~~~~~~^
../Core/Src/main.c:95:59: warning: passing argument 3 of 'arm_rfft_fast_f32' from incompatible pointer type [-Wincompatible-pointer-types]
   95 |                 arm_rfft_fast_f32(&fftHandler, &fftBufIn, &fftBufOut, 0);       //perform FFT and send results to out buffer
      |                                                           ^~~~~~~~~~
      |                                                           |
      |                                                           float32_t (*)[2048] {aka float (*)[2048]}
../Core/Inc/arm_math.h:2248:30: note: expected 'float32_t *' {aka 'float *'} but argument is of type 'float32_t (*)[2048]' {aka 'float (*)[2048]'}
 2248 |   float32_t * p, float32_t * pOut,
      |                  ~~~~~~~~~~~~^~~~
../Core/Src/main.c:99:17: warning: implicit declaration of function 'printf' [-Wimplicit-function-declaration]
   99 |                 printf("ADC = %i\r\n", adcData[0]);
      |                 ^~~~~~
../Core/Src/main.c:26:1: note: include '<stdio.h>' or provide a declaration of 'printf'
   25 | #include "arm_math.h"
  +++ |+#include <stdio.h>
   26 | /* USER CODE END Includes */
../Core/Src/main.c:99:17: warning: incompatible implicit declaration of built-in function 'printf' [-Wbuiltin-declaration-mismatch]
   99 |                 printf("ADC = %i\r\n", adcData[0]);
      |                 ^~~~~~
../Core/Src/main.c:99:17: note: include '<stdio.h>' or provide a declaration of 'printf'
../Core/Src/main.c: In function 'main':
../Core/Src/main.c:172:35: warning: incompatible implicit declaration of built-in function 'printf' [-Wbuiltin-declaration-mismatch]
  172 |                                   printf("mag = %f\r\n", peakVal);
      |                                   ^~~~~~
../Core/Src/main.c:172:35: note: include '<stdio.h>' or provide a declaration of 'printf'
../Core/Src/main.c:152:19: warning: variable 'peakHz' set but not used [-Wunused-but-set-variable]
  152 |   static uint16_t peakHz = 0;
      |                   ^~~~~~
arm-none-eabi-gcc -o "FFT.elf" @"objects.list"  -larm_cortexM4lf_math -mcpu=cortex-m4 -T"C:\Users\chase\Desktop\DSP_PROJECT\DSP_Projects\Firmware\FFT\FFT\STM32F401RETX_FLASH.ld" --specs=nosys.specs -Wl,-Map="FFT.map" -Wl,--gc-sections -static -L"C:\Users\chase\Desktop\DSP_PROJECT\DSP_Projects\Firmware\FFT\FFT\Lib" -u_printf_float --specs=nano.specs -mfpu=fpv4-sp-d16 -mfloat-abi=hard -mthumb -Wl,--start-group -lc -lm -Wl,--end-group
Finished building target: FFT.elf
 
arm-none-eabi-size  FFT.elf 
arm-none-eabi-objdump -h -S FFT.elf  > "FFT.list"
   text	   data	    bss	    dec	    hex	filename
 112404	    468	  18644	 131516	  201bc	FFT.elf
Finished building: default.size.stdout
 
Finished building: FFT.list
 
21:26:09 **** Incremental Build of configuration Debug for project FFT ****
make -j8 all 
arm-none-eabi-gcc "../Core/Src/main.c" -mcpu=cortex-m4 -std=gnu11 -g3 -DDEBUG -DUSE_HAL_DRIVER -DSTM32F401xE -c -I../Core/Inc -I../Drivers/STM32F4xx_HAL_Driver/Inc -I../Drivers/STM32F4xx_HAL_Driver/Inc/Legacy -I../Drivers/CMSIS/Device/ST/STM32F4xx/Include -I../Drivers/CMSIS/Include -O0 -ffunction-sections -fdata-sections -Wall -fstack-usage -fcyclomatic-complexity -MMD -MP -MF"Core/Src/main.d" -MT"Core/Src/main.o" --specs=nano.specs -mfpu=fpv4-sp-d16 -mfloat-abi=hard -mthumb -o "Core/Src/main.o"
../Core/Src/main.c: In function 'HAL_ADC_ConvCpltCallback':
../Core/Src/main.c:95:48: warning: passing argument 2 of 'arm_rfft_fast_f32' from incompatible pointer type [-Wincompatible-pointer-types]
   95 |                 arm_rfft_fast_f32(&fftHandler, &fftBufIn, &fftBufOut, 0);       //perform FFT and send results to out buffer
      |                                                ^~~~~~~~~
      |                                                |
      |                                                float32_t (*)[2048] {aka float (*)[2048]}
In file included from ../Core/Src/main.c:25:
../Core/Inc/arm_math.h:2248:15: note: expected 'float32_t *' {aka 'float *'} but argument is of type 'float32_t (*)[2048]' {aka 'float (*)[2048]'}
 2248 |   float32_t * p, float32_t * pOut,
      |   ~~~~~~~~~~~~^
../Core/Src/main.c:95:59: warning: passing argument 3 of 'arm_rfft_fast_f32' from incompatible pointer type [-Wincompatible-pointer-types]
   95 |                 arm_rfft_fast_f32(&fftHandler, &fftBufIn, &fftBufOut, 0);       //perform FFT and send results to out buffer
      |                                                           ^~~~~~~~~~
      |                                                           |
      |                                                           float32_t (*)[2048] {aka float (*)[2048]}
../Core/Inc/arm_math.h:2248:30: note: expected 'float32_t *' {aka 'float *'} but argument is of type 'float32_t (*)[2048]' {aka 'float (*)[2048]'}
 2248 |   float32_t * p, float32_t * pOut,
      |                  ~~~~~~~~~~~~^~~~
../Core/Src/main.c:99:17: warning: implicit declaration of function 'printf' [-Wimplicit-function-declaration]
   99 |                 printf("ADC = %i\r\n", adcData[0]);
      |                 ^~~~~~
../Core/Src/main.c:26:1: note: include '<stdio.h>' or provide a declaration of 'printf'
   25 | #include "arm_math.h"
  +++ |+#include <stdio.h>
   26 | /* USER CODE END Includes */
../Core/Src/main.c:99:17: warning: incompatible implicit declaration of built-in function 'printf' [-Wbuiltin-declaration-mismatch]
   99 |                 printf("ADC = %i\r\n", adcData[0]);
      |                 ^~~~~~
../Core/Src/main.c:99:17: note: include '<stdio.h>' or provide a declaration of 'printf'
../Core/Src/main.c: In function 'main':
../Core/Src/main.c:172:35: warning: incompatible implicit declaration of built-in function 'printf' [-Wbuiltin-declaration-mismatch]
  172 |                                   printf("mag = %f\r\n", peakHz);
      |                                   ^~~~~~
../Core/Src/main.c:172:35: note: include '<stdio.h>' or provide a declaration of 'printf'
../Core/Src/main.c:172:50: warning: format '%f' expects argument of type 'double', but argument 2 has type 'int' [-Wformat=]
  172 |                                   printf("mag = %f\r\n", peakHz);
      |                                                 ~^       ~~~~~~
      |                                                  |       |
      |                                                  double  int
      |                                                 %d
arm-none-eabi-gcc -o "FFT.elf" @"objects.list"  -larm_cortexM4lf_math -mcpu=cortex-m4 -T"C:\Users\chase\Desktop\DSP_PROJECT\DSP_Projects\Firmware\FFT\FFT\STM32F401RETX_FLASH.ld" --specs=nosys.specs -Wl,-Map="FFT.map" -Wl,--gc-sections -static -L"C:\Users\chase\Desktop\DSP_PROJECT\DSP_Projects\Firmware\FFT\FFT\Lib" -u_printf_float --specs=nano.specs -mfpu=fpv4-sp-d16 -mfloat-abi=hard -mthumb -Wl,--start-group -lc -lm -Wl,--end-group
Finished building target: FFT.elf
 
arm-none-eabi-size  FFT.elf 
arm-none-eabi-objdump -h -S FFT.elf  > "FFT.list"
   text	   data	    bss	    dec	    hex	filename
 112356	    468	  18644	 131468	  2018c	FFT.elf
Finished building: default.size.stdout
 
Finished building: FFT.list
 
21:27:39 **** Incremental Build of configuration Debug for project FFT ****
make -j8 all 
arm-none-eabi-gcc "../Core/Src/main.c" -mcpu=cortex-m4 -std=gnu11 -g3 -DDEBUG -DUSE_HAL_DRIVER -DSTM32F401xE -c -I../Core/Inc -I../Drivers/STM32F4xx_HAL_Driver/Inc -I../Drivers/STM32F4xx_HAL_Driver/Inc/Legacy -I../Drivers/CMSIS/Device/ST/STM32F4xx/Include -I../Drivers/CMSIS/Include -O0 -ffunction-sections -fdata-sections -Wall -fstack-usage -fcyclomatic-complexity -MMD -MP -MF"Core/Src/main.d" -MT"Core/Src/main.o" --specs=nano.specs -mfpu=fpv4-sp-d16 -mfloat-abi=hard -mthumb -o "Core/Src/main.o"
../Core/Src/main.c: In function 'HAL_ADC_ConvCpltCallback':
../Core/Src/main.c:95:48: warning: passing argument 2 of 'arm_rfft_fast_f32' from incompatible pointer type [-Wincompatible-pointer-types]
   95 |                 arm_rfft_fast_f32(&fftHandler, &fftBufIn, &fftBufOut, 0);       //perform FFT and send results to out buffer
      |                                                ^~~~~~~~~
      |                                                |
      |                                                float32_t (*)[2048] {aka float (*)[2048]}
In file included from ../Core/Src/main.c:25:
../Core/Inc/arm_math.h:2248:15: note: expected 'float32_t *' {aka 'float *'} but argument is of type 'float32_t (*)[2048]' {aka 'float (*)[2048]'}
 2248 |   float32_t * p, float32_t * pOut,
      |   ~~~~~~~~~~~~^
../Core/Src/main.c:95:59: warning: passing argument 3 of 'arm_rfft_fast_f32' from incompatible pointer type [-Wincompatible-pointer-types]
   95 |                 arm_rfft_fast_f32(&fftHandler, &fftBufIn, &fftBufOut, 0);       //perform FFT and send results to out buffer
      |                                                           ^~~~~~~~~~
      |                                                           |
      |                                                           float32_t (*)[2048] {aka float (*)[2048]}
../Core/Inc/arm_math.h:2248:30: note: expected 'float32_t *' {aka 'float *'} but argument is of type 'float32_t (*)[2048]' {aka 'float (*)[2048]'}
 2248 |   float32_t * p, float32_t * pOut,
      |                  ~~~~~~~~~~~~^~~~
../Core/Src/main.c:99:17: warning: implicit declaration of function 'printf' [-Wimplicit-function-declaration]
   99 |                 printf("ADC = %i\r\n", adcData[0]);
      |                 ^~~~~~
../Core/Src/main.c:26:1: note: include '<stdio.h>' or provide a declaration of 'printf'
   25 | #include "arm_math.h"
  +++ |+#include <stdio.h>
   26 | /* USER CODE END Includes */
../Core/Src/main.c:99:17: warning: incompatible implicit declaration of built-in function 'printf' [-Wbuiltin-declaration-mismatch]
   99 |                 printf("ADC = %i\r\n", adcData[0]);
      |                 ^~~~~~
../Core/Src/main.c:99:17: note: include '<stdio.h>' or provide a declaration of 'printf'
../Core/Src/main.c: In function 'main':
../Core/Src/main.c:172:35: warning: incompatible implicit declaration of built-in function 'printf' [-Wbuiltin-declaration-mismatch]
  172 |                                   printf("mag = %i\r\n", peakHz);
      |                                   ^~~~~~
../Core/Src/main.c:172:35: note: include '<stdio.h>' or provide a declaration of 'printf'
arm-none-eabi-gcc -o "FFT.elf" @"objects.list"  -larm_cortexM4lf_math -mcpu=cortex-m4 -T"C:\Users\chase\Desktop\DSP_PROJECT\DSP_Projects\Firmware\FFT\FFT\STM32F401RETX_FLASH.ld" --specs=nosys.specs -Wl,-Map="FFT.map" -Wl,--gc-sections -static -L"C:\Users\chase\Desktop\DSP_PROJECT\DSP_Projects\Firmware\FFT\FFT\Lib" -u_printf_float --specs=nano.specs -mfpu=fpv4-sp-d16 -mfloat-abi=hard -mthumb -Wl,--start-group -lc -lm -Wl,--end-group
Finished building target: FFT.elf
 
arm-none-eabi-size  FFT.elf 
arm-none-eabi-objdump -h -S FFT.elf  > "FFT.list"
   text	   data	    bss	    dec	    hex	filename
 112356	    468	  18644	 131468	  2018c	FFT.elf
Finished building: default.size.stdout
 
Finished building: FFT.list
 
21:28:13 **** Incremental Build of configuration Debug for project FFT ****
make -j8 all 
arm-none-eabi-gcc "../Core/Src/main.c" -mcpu=cortex-m4 -std=gnu11 -g3 -DDEBUG -DUSE_HAL_DRIVER -DSTM32F401xE -c -I../Core/Inc -I../Drivers/STM32F4xx_HAL_Driver/Inc -I../Drivers/STM32F4xx_HAL_Driver/Inc/Legacy -I../Drivers/CMSIS/Device/ST/STM32F4xx/Include -I../Drivers/CMSIS/Include -O0 -ffunction-sections -fdata-sections -Wall -fstack-usage -fcyclomatic-complexity -MMD -MP -MF"Core/Src/main.d" -MT"Core/Src/main.o" --specs=nano.specs -mfpu=fpv4-sp-d16 -mfloat-abi=hard -mthumb -o "Core/Src/main.o"
../Core/Src/main.c: In function 'HAL_ADC_ConvCpltCallback':
../Core/Src/main.c:95:48: warning: passing argument 2 of 'arm_rfft_fast_f32' from incompatible pointer type [-Wincompatible-pointer-types]
   95 |                 arm_rfft_fast_f32(&fftHandler, &fftBufIn, &fftBufOut, 0);       //perform FFT and send results to out buffer
      |                                                ^~~~~~~~~
      |                                                |
      |                                                float32_t (*)[2048] {aka float (*)[2048]}
In file included from ../Core/Src/main.c:25:
../Core/Inc/arm_math.h:2248:15: note: expected 'float32_t *' {aka 'float *'} but argument is of type 'float32_t (*)[2048]' {aka 'float (*)[2048]'}
 2248 |   float32_t * p, float32_t * pOut,
      |   ~~~~~~~~~~~~^
../Core/Src/main.c:95:59: warning: passing argument 3 of 'arm_rfft_fast_f32' from incompatible pointer type [-Wincompatible-pointer-types]
   95 |                 arm_rfft_fast_f32(&fftHandler, &fftBufIn, &fftBufOut, 0);       //perform FFT and send results to out buffer
      |                                                           ^~~~~~~~~~
      |                                                           |
      |                                                           float32_t (*)[2048] {aka float (*)[2048]}
../Core/Inc/arm_math.h:2248:30: note: expected 'float32_t *' {aka 'float *'} but argument is of type 'float32_t (*)[2048]' {aka 'float (*)[2048]'}
 2248 |   float32_t * p, float32_t * pOut,
      |                  ~~~~~~~~~~~~^~~~
../Core/Src/main.c:99:17: warning: implicit declaration of function 'printf' [-Wimplicit-function-declaration]
   99 |                 printf("ADC = %i\r\n", adcData[0]);
      |                 ^~~~~~
../Core/Src/main.c:26:1: note: include '<stdio.h>' or provide a declaration of 'printf'
   25 | #include "arm_math.h"
  +++ |+#include <stdio.h>
   26 | /* USER CODE END Includes */
../Core/Src/main.c:99:17: warning: incompatible implicit declaration of built-in function 'printf' [-Wbuiltin-declaration-mismatch]
   99 |                 printf("ADC = %i\r\n", adcData[0]);
      |                 ^~~~~~
../Core/Src/main.c:99:17: note: include '<stdio.h>' or provide a declaration of 'printf'
../Core/Src/main.c: In function 'main':
../Core/Src/main.c:172:35: warning: incompatible implicit declaration of built-in function 'printf' [-Wbuiltin-declaration-mismatch]
  172 |                                   printf("mag = %i\r\n", peakHz);
      |                                   ^~~~~~
../Core/Src/main.c:172:35: note: include '<stdio.h>' or provide a declaration of 'printf'
../Core/Src/main.c:173:51: warning: format '%f' expects argument of type 'double', but argument 2 has type 'int' [-Wformat=]
  173 |                                   printf("freq = %f\r\n", (freqIndex * SAMPLE_RATE_HZ) / FFT_BUFFER_SIZE);
      |                                                  ~^
      |                                                   |
      |                                                   double
      |                                                  %d
arm-none-eabi-gcc -o "FFT.elf" @"objects.list"  -larm_cortexM4lf_math -mcpu=cortex-m4 -T"C:\Users\chase\Desktop\DSP_PROJECT\DSP_Projects\Firmware\FFT\FFT\STM32F401RETX_FLASH.ld" --specs=nosys.specs -Wl,-Map="FFT.map" -Wl,--gc-sections -static -L"C:\Users\chase\Desktop\DSP_PROJECT\DSP_Projects\Firmware\FFT\FFT\Lib" -u_printf_float --specs=nano.specs -mfpu=fpv4-sp-d16 -mfloat-abi=hard -mthumb -Wl,--start-group -lc -lm -Wl,--end-group
Finished building target: FFT.elf
 
arm-none-eabi-size  FFT.elf 
arm-none-eabi-objdump -h -S FFT.elf  > "FFT.list"
   text	   data	    bss	    dec	    hex	filename
 112356	    468	  18644	 131468	  2018c	FFT.elf
Finished building: default.size.stdout
 
Finished building: FFT.list
 
21:29:36 **** Incremental Build of configuration Debug for project FFT ****
make -j8 all 
arm-none-eabi-gcc "../Core/Src/main.c" -mcpu=cortex-m4 -std=gnu11 -g3 -DDEBUG -DUSE_HAL_DRIVER -DSTM32F401xE -c -I../Core/Inc -I../Drivers/STM32F4xx_HAL_Driver/Inc -I../Drivers/STM32F4xx_HAL_Driver/Inc/Legacy -I../Drivers/CMSIS/Device/ST/STM32F4xx/Include -I../Drivers/CMSIS/Include -O0 -ffunction-sections -fdata-sections -Wall -fstack-usage -fcyclomatic-complexity -MMD -MP -MF"Core/Src/main.d" -MT"Core/Src/main.o" --specs=nano.specs -mfpu=fpv4-sp-d16 -mfloat-abi=hard -mthumb -o "Core/Src/main.o"
../Core/Src/main.c: In function 'HAL_ADC_ConvCpltCallback':
../Core/Src/main.c:95:48: warning: passing argument 2 of 'arm_rfft_fast_f32' from incompatible pointer type [-Wincompatible-pointer-types]
   95 |                 arm_rfft_fast_f32(&fftHandler, &fftBufIn, &fftBufOut, 0);       //perform FFT and send results to out buffer
      |                                                ^~~~~~~~~
      |                                                |
      |                                                float32_t (*)[2048] {aka float (*)[2048]}
In file included from ../Core/Src/main.c:25:
../Core/Inc/arm_math.h:2248:15: note: expected 'float32_t *' {aka 'float *'} but argument is of type 'float32_t (*)[2048]' {aka 'float (*)[2048]'}
 2248 |   float32_t * p, float32_t * pOut,
      |   ~~~~~~~~~~~~^
../Core/Src/main.c:95:59: warning: passing argument 3 of 'arm_rfft_fast_f32' from incompatible pointer type [-Wincompatible-pointer-types]
   95 |                 arm_rfft_fast_f32(&fftHandler, &fftBufIn, &fftBufOut, 0);       //perform FFT and send results to out buffer
      |                                                           ^~~~~~~~~~
      |                                                           |
      |                                                           float32_t (*)[2048] {aka float (*)[2048]}
../Core/Inc/arm_math.h:2248:30: note: expected 'float32_t *' {aka 'float *'} but argument is of type 'float32_t (*)[2048]' {aka 'float (*)[2048]'}
 2248 |   float32_t * p, float32_t * pOut,
      |                  ~~~~~~~~~~~~^~~~
../Core/Src/main.c:99:17: warning: implicit declaration of function 'printf' [-Wimplicit-function-declaration]
   99 |                 printf("ADC = %i\r\n", adcData[0]);
      |                 ^~~~~~
../Core/Src/main.c:26:1: note: include '<stdio.h>' or provide a declaration of 'printf'
   25 | #include "arm_math.h"
  +++ |+#include <stdio.h>
   26 | /* USER CODE END Includes */
../Core/Src/main.c:99:17: warning: incompatible implicit declaration of built-in function 'printf' [-Wbuiltin-declaration-mismatch]
   99 |                 printf("ADC = %i\r\n", adcData[0]);
      |                 ^~~~~~
../Core/Src/main.c:99:17: note: include '<stdio.h>' or provide a declaration of 'printf'
../Core/Src/main.c: In function 'main':
../Core/Src/main.c:172:35: warning: incompatible implicit declaration of built-in function 'printf' [-Wbuiltin-declaration-mismatch]
  172 |                                   printf("mag = %f\r\n", peakVal);
      |                                   ^~~~~~
../Core/Src/main.c:172:35: note: include '<stdio.h>' or provide a declaration of 'printf'
../Core/Src/main.c:173:51: warning: format '%f' expects argument of type 'double', but argument 2 has type 'int' [-Wformat=]
  173 |                                   printf("freq = %f\r\n", (freqIndex * SAMPLE_RATE_HZ) / FFT_BUFFER_SIZE);
      |                                                  ~^
      |                                                   |
      |                                                   double
      |                                                  %d
../Core/Src/main.c:152:19: warning: variable 'peakHz' set but not used [-Wunused-but-set-variable]
  152 |   static uint16_t peakHz = 0;
      |                   ^~~~~~
arm-none-eabi-gcc -o "FFT.elf" @"objects.list"  -larm_cortexM4lf_math -mcpu=cortex-m4 -T"C:\Users\chase\Desktop\DSP_PROJECT\DSP_Projects\Firmware\FFT\FFT\STM32F401RETX_FLASH.ld" --specs=nosys.specs -Wl,-Map="FFT.map" -Wl,--gc-sections -static -L"C:\Users\chase\Desktop\DSP_PROJECT\DSP_Projects\Firmware\FFT\FFT\Lib" -u_printf_float --specs=nano.specs -mfpu=fpv4-sp-d16 -mfloat-abi=hard -mthumb -Wl,--start-group -lc -lm -Wl,--end-group
Finished building target: FFT.elf
 
arm-none-eabi-size  FFT.elf 
arm-none-eabi-objdump -h -S FFT.elf  > "FFT.list"
   text	   data	    bss	    dec	    hex	filename
 112364	    468	  18644	 131476	  20194	FFT.elf
Finished building: default.size.stdout
 
Finished building: FFT.list
 
21:38:00 **** Incremental Build of configuration Debug for project FFT ****
make -j8 all 
arm-none-eabi-gcc "../Core/Src/main.c" -mcpu=cortex-m4 -std=gnu11 -g3 -DDEBUG -DUSE_HAL_DRIVER -DSTM32F401xE -c -I../Core/Inc -I../Drivers/STM32F4xx_HAL_Driver/Inc -I../Drivers/STM32F4xx_HAL_Driver/Inc/Legacy -I../Drivers/CMSIS/Device/ST/STM32F4xx/Include -I../Drivers/CMSIS/Include -O0 -ffunction-sections -fdata-sections -Wall -fstack-usage -fcyclomatic-complexity -MMD -MP -MF"Core/Src/main.d" -MT"Core/Src/main.o" --specs=nano.specs -mfpu=fpv4-sp-d16 -mfloat-abi=hard -mthumb -o "Core/Src/main.o"
../Core/Src/main.c: In function 'HAL_ADC_ConvCpltCallback':
../Core/Src/main.c:95:48: warning: passing argument 2 of 'arm_rfft_fast_f32' from incompatible pointer type [-Wincompatible-pointer-types]
   95 |                 arm_rfft_fast_f32(&fftHandler, &fftBufIn, &fftBufOut, 0);       //perform FFT and send results to out buffer
      |                                                ^~~~~~~~~
      |                                                |
      |                                                float32_t (*)[2048] {aka float (*)[2048]}
In file included from ../Core/Src/main.c:25:
../Core/Inc/arm_math.h:2248:15: note: expected 'float32_t *' {aka 'float *'} but argument is of type 'float32_t (*)[2048]' {aka 'float (*)[2048]'}
 2248 |   float32_t * p, float32_t * pOut,
      |   ~~~~~~~~~~~~^
../Core/Src/main.c:95:59: warning: passing argument 3 of 'arm_rfft_fast_f32' from incompatible pointer type [-Wincompatible-pointer-types]
   95 |                 arm_rfft_fast_f32(&fftHandler, &fftBufIn, &fftBufOut, 0);       //perform FFT and send results to out buffer
      |                                                           ^~~~~~~~~~
      |                                                           |
      |                                                           float32_t (*)[2048] {aka float (*)[2048]}
../Core/Inc/arm_math.h:2248:30: note: expected 'float32_t *' {aka 'float *'} but argument is of type 'float32_t (*)[2048]' {aka 'float (*)[2048]'}
 2248 |   float32_t * p, float32_t * pOut,
      |                  ~~~~~~~~~~~~^~~~
../Core/Src/main.c:99:17: warning: implicit declaration of function 'printf' [-Wimplicit-function-declaration]
   99 |                 printf("ADC = %i\r\n", adcData[0]);
      |                 ^~~~~~
../Core/Src/main.c:26:1: note: include '<stdio.h>' or provide a declaration of 'printf'
   25 | #include "arm_math.h"
  +++ |+#include <stdio.h>
   26 | /* USER CODE END Includes */
../Core/Src/main.c:99:17: warning: incompatible implicit declaration of built-in function 'printf' [-Wbuiltin-declaration-mismatch]
   99 |                 printf("ADC = %i\r\n", adcData[0]);
      |                 ^~~~~~
../Core/Src/main.c:99:17: note: include '<stdio.h>' or provide a declaration of 'printf'
../Core/Src/main.c: In function 'main':
../Core/Src/main.c:172:35: warning: incompatible implicit declaration of built-in function 'printf' [-Wbuiltin-declaration-mismatch]
  172 |                                   printf("mag = %f\r\n", peakVal);
      |                                   ^~~~~~
../Core/Src/main.c:172:35: note: include '<stdio.h>' or provide a declaration of 'printf'
../Core/Src/main.c:152:19: warning: variable 'peakHz' set but not used [-Wunused-but-set-variable]
  152 |   static uint16_t peakHz = 0;
      |                   ^~~~~~
arm-none-eabi-gcc -o "FFT.elf" @"objects.list"  -larm_cortexM4lf_math -mcpu=cortex-m4 -T"C:\Users\chase\Desktop\DSP_PROJECT\DSP_Projects\Firmware\FFT\FFT\STM32F401RETX_FLASH.ld" --specs=nosys.specs -Wl,-Map="FFT.map" -Wl,--gc-sections -static -L"C:\Users\chase\Desktop\DSP_PROJECT\DSP_Projects\Firmware\FFT\FFT\Lib" -u_printf_float --specs=nano.specs -mfpu=fpv4-sp-d16 -mfloat-abi=hard -mthumb -Wl,--start-group -lc -lm -Wl,--end-group
Finished building target: FFT.elf
 
arm-none-eabi-size  FFT.elf 
arm-none-eabi-objdump -h -S FFT.elf  > "FFT.list"
   text	   data	    bss	    dec	    hex	filename
 112348	    468	  18644	 131460	  20184	FFT.elf
Finished building: default.size.stdout
 
Finished building: FFT.list
 
21:40:40 **** Incremental Build of configuration Debug for project FFT ****
make -j8 all 
arm-none-eabi-gcc "../Core/Src/main.c" -mcpu=cortex-m4 -std=gnu11 -g3 -DDEBUG -DUSE_HAL_DRIVER -DSTM32F401xE -c -I../Core/Inc -I../Drivers/STM32F4xx_HAL_Driver/Inc -I../Drivers/STM32F4xx_HAL_Driver/Inc/Legacy -I../Drivers/CMSIS/Device/ST/STM32F4xx/Include -I../Drivers/CMSIS/Include -O0 -ffunction-sections -fdata-sections -Wall -fstack-usage -fcyclomatic-complexity -MMD -MP -MF"Core/Src/main.d" -MT"Core/Src/main.o" --specs=nano.specs -mfpu=fpv4-sp-d16 -mfloat-abi=hard -mthumb -o "Core/Src/main.o"
../Core/Src/main.c: In function 'HAL_ADC_ConvCpltCallback':
../Core/Src/main.c:95:48: warning: passing argument 2 of 'arm_rfft_fast_f32' from incompatible pointer type [-Wincompatible-pointer-types]
   95 |                 arm_rfft_fast_f32(&fftHandler, &fftBufIn, &fftBufOut, 0);       //perform FFT and send results to out buffer
      |                                                ^~~~~~~~~
      |                                                |
      |                                                float32_t (*)[2048] {aka float (*)[2048]}
In file included from ../Core/Src/main.c:25:
../Core/Inc/arm_math.h:2248:15: note: expected 'float32_t *' {aka 'float *'} but argument is of type 'float32_t (*)[2048]' {aka 'float (*)[2048]'}
 2248 |   float32_t * p, float32_t * pOut,
      |   ~~~~~~~~~~~~^
../Core/Src/main.c:95:59: warning: passing argument 3 of 'arm_rfft_fast_f32' from incompatible pointer type [-Wincompatible-pointer-types]
   95 |                 arm_rfft_fast_f32(&fftHandler, &fftBufIn, &fftBufOut, 0);       //perform FFT and send results to out buffer
      |                                                           ^~~~~~~~~~
      |                                                           |
      |                                                           float32_t (*)[2048] {aka float (*)[2048]}
../Core/Inc/arm_math.h:2248:30: note: expected 'float32_t *' {aka 'float *'} but argument is of type 'float32_t (*)[2048]' {aka 'float (*)[2048]'}
 2248 |   float32_t * p, float32_t * pOut,
      |                  ~~~~~~~~~~~~^~~~
../Core/Src/main.c:99:17: warning: implicit declaration of function 'printf' [-Wimplicit-function-declaration]
   99 |                 printf("ADC = %i\r\n", adcData[0]);
      |                 ^~~~~~
../Core/Src/main.c:26:1: note: include '<stdio.h>' or provide a declaration of 'printf'
   25 | #include "arm_math.h"
  +++ |+#include <stdio.h>
   26 | /* USER CODE END Includes */
../Core/Src/main.c:99:17: warning: incompatible implicit declaration of built-in function 'printf' [-Wbuiltin-declaration-mismatch]
   99 |                 printf("ADC = %i\r\n", adcData[0]);
      |                 ^~~~~~
../Core/Src/main.c:99:17: note: include '<stdio.h>' or provide a declaration of 'printf'
../Core/Src/main.c: In function 'main':
../Core/Src/main.c:172:35: warning: incompatible implicit declaration of built-in function 'printf' [-Wbuiltin-declaration-mismatch]
  172 |                                   printf("mag = %f\r\n", peakVal);
      |                                   ^~~~~~
../Core/Src/main.c:172:35: note: include '<stdio.h>' or provide a declaration of 'printf'
../Core/Src/main.c:152:19: warning: unused variable 'peakHz' [-Wunused-variable]
  152 |   static uint16_t peakHz = 0;
      |                   ^~~~~~
arm-none-eabi-gcc -o "FFT.elf" @"objects.list"  -larm_cortexM4lf_math -mcpu=cortex-m4 -T"C:\Users\chase\Desktop\DSP_PROJECT\DSP_Projects\Firmware\FFT\FFT\STM32F401RETX_FLASH.ld" --specs=nosys.specs -Wl,-Map="FFT.map" -Wl,--gc-sections -static -L"C:\Users\chase\Desktop\DSP_PROJECT\DSP_Projects\Firmware\FFT\FFT\Lib" -u_printf_float --specs=nano.specs -mfpu=fpv4-sp-d16 -mfloat-abi=hard -mthumb -Wl,--start-group -lc -lm -Wl,--end-group
Finished building target: FFT.elf
 
arm-none-eabi-size  FFT.elf 
arm-none-eabi-objdump -h -S FFT.elf  > "FFT.list"
   text	   data	    bss	    dec	    hex	filename
 112324	    468	  18636	 131428	  20164	FFT.elf
Finished building: default.size.stdout
 
Finished building: FFT.list
 
21:43:04 **** Incremental Build of configuration Debug for project FFT ****
make -j8 all 
arm-none-eabi-gcc "../Core/Src/main.c" -mcpu=cortex-m4 -std=gnu11 -g3 -DDEBUG -DUSE_HAL_DRIVER -DSTM32F401xE -c -I../Core/Inc -I../Drivers/STM32F4xx_HAL_Driver/Inc -I../Drivers/STM32F4xx_HAL_Driver/Inc/Legacy -I../Drivers/CMSIS/Device/ST/STM32F4xx/Include -I../Drivers/CMSIS/Include -O0 -ffunction-sections -fdata-sections -Wall -fstack-usage -fcyclomatic-complexity -MMD -MP -MF"Core/Src/main.d" -MT"Core/Src/main.o" --specs=nano.specs -mfpu=fpv4-sp-d16 -mfloat-abi=hard -mthumb -o "Core/Src/main.o"
../Core/Src/main.c: In function 'HAL_ADC_ConvCpltCallback':
../Core/Src/main.c:95:48: warning: passing argument 2 of 'arm_rfft_fast_f32' from incompatible pointer type [-Wincompatible-pointer-types]
   95 |                 arm_rfft_fast_f32(&fftHandler, &fftBufIn, &fftBufOut, 0);       //perform FFT and send results to out buffer
      |                                                ^~~~~~~~~
      |                                                |
      |                                                float32_t (*)[2048] {aka float (*)[2048]}
In file included from ../Core/Src/main.c:25:
../Core/Inc/arm_math.h:2248:15: note: expected 'float32_t *' {aka 'float *'} but argument is of type 'float32_t (*)[2048]' {aka 'float (*)[2048]'}
 2248 |   float32_t * p, float32_t * pOut,
      |   ~~~~~~~~~~~~^
../Core/Src/main.c:95:59: warning: passing argument 3 of 'arm_rfft_fast_f32' from incompatible pointer type [-Wincompatible-pointer-types]
   95 |                 arm_rfft_fast_f32(&fftHandler, &fftBufIn, &fftBufOut, 0);       //perform FFT and send results to out buffer
      |                                                           ^~~~~~~~~~
      |                                                           |
      |                                                           float32_t (*)[2048] {aka float (*)[2048]}
../Core/Inc/arm_math.h:2248:30: note: expected 'float32_t *' {aka 'float *'} but argument is of type 'float32_t (*)[2048]' {aka 'float (*)[2048]'}
 2248 |   float32_t * p, float32_t * pOut,
      |                  ~~~~~~~~~~~~^~~~
../Core/Src/main.c:99:17: warning: implicit declaration of function 'printf' [-Wimplicit-function-declaration]
   99 |                 printf("ADC = %i\r\n", adcData[0]);
      |                 ^~~~~~
../Core/Src/main.c:26:1: note: include '<stdio.h>' or provide a declaration of 'printf'
   25 | #include "arm_math.h"
  +++ |+#include <stdio.h>
   26 | /* USER CODE END Includes */
../Core/Src/main.c:99:17: warning: incompatible implicit declaration of built-in function 'printf' [-Wbuiltin-declaration-mismatch]
   99 |                 printf("ADC = %i\r\n", adcData[0]);
      |                 ^~~~~~
../Core/Src/main.c:99:17: note: include '<stdio.h>' or provide a declaration of 'printf'
../Core/Src/main.c: In function 'main':
../Core/Src/main.c:172:35: warning: incompatible implicit declaration of built-in function 'printf' [-Wbuiltin-declaration-mismatch]
  172 |                                   printf("mag = %f\r\n", peakVal);
      |                                   ^~~~~~
../Core/Src/main.c:172:35: note: include '<stdio.h>' or provide a declaration of 'printf'
../Core/Src/main.c:152:19: warning: unused variable 'peakHz' [-Wunused-variable]
  152 |   static uint16_t peakHz = 0;
      |                   ^~~~~~
arm-none-eabi-gcc -o "FFT.elf" @"objects.list"  -larm_cortexM4lf_math -mcpu=cortex-m4 -T"C:\Users\chase\Desktop\DSP_PROJECT\DSP_Projects\Firmware\FFT\FFT\STM32F401RETX_FLASH.ld" --specs=nosys.specs -Wl,-Map="FFT.map" -Wl,--gc-sections -static -L"C:\Users\chase\Desktop\DSP_PROJECT\DSP_Projects\Firmware\FFT\FFT\Lib" -u_printf_float --specs=nano.specs -mfpu=fpv4-sp-d16 -mfloat-abi=hard -mthumb -Wl,--start-group -lc -lm -Wl,--end-group
Finished building target: FFT.elf
 
arm-none-eabi-size  FFT.elf 
arm-none-eabi-objdump -h -S FFT.elf  > "FFT.list"
   text	   data	    bss	    dec	    hex	filename
 112332	    468	  18636	 131436	  2016c	FFT.elf
Finished building: default.size.stdout
 
Finished building: FFT.list
 
21:43:37 **** Incremental Build of configuration Debug for project FFT ****
make -j8 all 
arm-none-eabi-size  FFT.elf 
   text	   data	    bss	    dec	    hex	filename
 112332	    468	  18636	 131436	  2016c	FFT.elf
Finished building: default.size.stdout
 
21:44:01 **** Incremental Build of configuration Debug for project FFT ****
make -j8 all 
arm-none-eabi-size  FFT.elf 
   text	   data	    bss	    dec	    hex	filename
 112332	    468	  18636	 131436	  2016c	FFT.elf
Finished building: default.size.stdout
 
21:47:06 **** Incremental Build of configuration Debug for project FFT ****
make -j8 all 
arm-none-eabi-gcc "../Core/Src/main.c" -mcpu=cortex-m4 -std=gnu11 -g3 -DDEBUG -DUSE_HAL_DRIVER -DSTM32F401xE -c -I../Core/Inc -I../Drivers/STM32F4xx_HAL_Driver/Inc -I../Drivers/STM32F4xx_HAL_Driver/Inc/Legacy -I../Drivers/CMSIS/Device/ST/STM32F4xx/Include -I../Drivers/CMSIS/Include -O0 -ffunction-sections -fdata-sections -Wall -fstack-usage -fcyclomatic-complexity -MMD -MP -MF"Core/Src/main.d" -MT"Core/Src/main.o" --specs=nano.specs -mfpu=fpv4-sp-d16 -mfloat-abi=hard -mthumb -o "Core/Src/main.o"
../Core/Src/main.c: In function 'HAL_ADC_ConvCpltCallback':
../Core/Src/main.c:95:48: warning: passing argument 2 of 'arm_rfft_fast_f32' from incompatible pointer type [-Wincompatible-pointer-types]
   95 |                 arm_rfft_fast_f32(&fftHandler, &fftBufIn, &fftBufOut, 0);       //perform FFT and send results to out buffer
      |                                                ^~~~~~~~~
      |                                                |
      |                                                float32_t (*)[2048] {aka float (*)[2048]}
In file included from ../Core/Src/main.c:25:
../Core/Inc/arm_math.h:2248:15: note: expected 'float32_t *' {aka 'float *'} but argument is of type 'float32_t (*)[2048]' {aka 'float (*)[2048]'}
 2248 |   float32_t * p, float32_t * pOut,
      |   ~~~~~~~~~~~~^
../Core/Src/main.c:95:59: warning: passing argument 3 of 'arm_rfft_fast_f32' from incompatible pointer type [-Wincompatible-pointer-types]
   95 |                 arm_rfft_fast_f32(&fftHandler, &fftBufIn, &fftBufOut, 0);       //perform FFT and send results to out buffer
      |                                                           ^~~~~~~~~~
      |                                                           |
      |                                                           float32_t (*)[2048] {aka float (*)[2048]}
../Core/Inc/arm_math.h:2248:30: note: expected 'float32_t *' {aka 'float *'} but argument is of type 'float32_t (*)[2048]' {aka 'float (*)[2048]'}
 2248 |   float32_t * p, float32_t * pOut,
      |                  ~~~~~~~~~~~~^~~~
../Core/Src/main.c:99:17: warning: implicit declaration of function 'printf' [-Wimplicit-function-declaration]
   99 |                 printf("ADC = %i\r\n", adcData[0]);
      |                 ^~~~~~
../Core/Src/main.c:26:1: note: include '<stdio.h>' or provide a declaration of 'printf'
   25 | #include "arm_math.h"
  +++ |+#include <stdio.h>
   26 | /* USER CODE END Includes */
../Core/Src/main.c:99:17: warning: incompatible implicit declaration of built-in function 'printf' [-Wbuiltin-declaration-mismatch]
   99 |                 printf("ADC = %i\r\n", adcData[0]);
      |                 ^~~~~~
../Core/Src/main.c:99:17: note: include '<stdio.h>' or provide a declaration of 'printf'
../Core/Src/main.c: In function 'main':
../Core/Src/main.c:172:35: warning: incompatible implicit declaration of built-in function 'printf' [-Wbuiltin-declaration-mismatch]
  172 |                                   printf("mag = %f\r\n", peakVal);
      |                                   ^~~~~~
../Core/Src/main.c:172:35: note: include '<stdio.h>' or provide a declaration of 'printf'
../Core/Src/main.c:152:19: warning: unused variable 'peakHz' [-Wunused-variable]
  152 |   static uint16_t peakHz = 0;
      |                   ^~~~~~
arm-none-eabi-gcc -o "FFT.elf" @"objects.list"  -larm_cortexM4lf_math -mcpu=cortex-m4 -T"C:\Users\chase\Desktop\DSP_PROJECT\DSP_Projects\Firmware\FFT\FFT\STM32F401RETX_FLASH.ld" --specs=nosys.specs -Wl,-Map="FFT.map" -Wl,--gc-sections -static -L"C:\Users\chase\Desktop\DSP_PROJECT\DSP_Projects\Firmware\FFT\FFT\Lib" -u_printf_float --specs=nano.specs -mfpu=fpv4-sp-d16 -mfloat-abi=hard -mthumb -Wl,--start-group -lc -lm -Wl,--end-group
Finished building target: FFT.elf
 
arm-none-eabi-size  FFT.elf 
arm-none-eabi-objdump -h -S FFT.elf  > "FFT.list"
   text	   data	    bss	    dec	    hex	filename
 112332	    468	  18636	 131436	  2016c	FFT.elf
Finished building: default.size.stdout
 
Finished building: FFT.list
 
21:53:10 **** Incremental Build of configuration Debug for project FFT ****
make -j8 all 
arm-none-eabi-gcc "../Core/Src/main.c" -mcpu=cortex-m4 -std=gnu11 -g3 -DDEBUG -DUSE_HAL_DRIVER -DSTM32F401xE -c -I../Core/Inc -I../Drivers/STM32F4xx_HAL_Driver/Inc -I../Drivers/STM32F4xx_HAL_Driver/Inc/Legacy -I../Drivers/CMSIS/Device/ST/STM32F4xx/Include -I../Drivers/CMSIS/Include -O0 -ffunction-sections -fdata-sections -Wall -fstack-usage -fcyclomatic-complexity -MMD -MP -MF"Core/Src/main.d" -MT"Core/Src/main.o" --specs=nano.specs -mfpu=fpv4-sp-d16 -mfloat-abi=hard -mthumb -o "Core/Src/main.o"
../Core/Src/main.c: In function 'HAL_ADC_ConvCpltCallback':
../Core/Src/main.c:95:48: warning: passing argument 2 of 'arm_rfft_fast_f32' from incompatible pointer type [-Wincompatible-pointer-types]
   95 |                 arm_rfft_fast_f32(&fftHandler, &fftBufIn, &fftBufOut, 0);       //perform FFT and send results to out buffer
      |                                                ^~~~~~~~~
      |                                                |
      |                                                float32_t (*)[2048] {aka float (*)[2048]}
In file included from ../Core/Src/main.c:25:
../Core/Inc/arm_math.h:2248:15: note: expected 'float32_t *' {aka 'float *'} but argument is of type 'float32_t (*)[2048]' {aka 'float (*)[2048]'}
 2248 |   float32_t * p, float32_t * pOut,
      |   ~~~~~~~~~~~~^
../Core/Src/main.c:95:59: warning: passing argument 3 of 'arm_rfft_fast_f32' from incompatible pointer type [-Wincompatible-pointer-types]
   95 |                 arm_rfft_fast_f32(&fftHandler, &fftBufIn, &fftBufOut, 0);       //perform FFT and send results to out buffer
      |                                                           ^~~~~~~~~~
      |                                                           |
      |                                                           float32_t (*)[2048] {aka float (*)[2048]}
../Core/Inc/arm_math.h:2248:30: note: expected 'float32_t *' {aka 'float *'} but argument is of type 'float32_t (*)[2048]' {aka 'float (*)[2048]'}
 2248 |   float32_t * p, float32_t * pOut,
      |                  ~~~~~~~~~~~~^~~~
../Core/Src/main.c: In function 'main':
../Core/Src/main.c:173:35: warning: implicit declaration of function 'printf' [-Wimplicit-function-declaration]
  173 |                                   printf("freq = %i\r\n", freqIndex);
      |                                   ^~~~~~
../Core/Src/main.c:26:1: note: include '<stdio.h>' or provide a declaration of 'printf'
   25 | #include "arm_math.h"
  +++ |+#include <stdio.h>
   26 | /* USER CODE END Includes */
../Core/Src/main.c:173:35: warning: incompatible implicit declaration of built-in function 'printf' [-Wbuiltin-declaration-mismatch]
  173 |                                   printf("freq = %i\r\n", freqIndex);
      |                                   ^~~~~~
../Core/Src/main.c:173:35: note: include '<stdio.h>' or provide a declaration of 'printf'
../Core/Src/main.c:152:19: warning: unused variable 'peakHz' [-Wunused-variable]
  152 |   static uint16_t peakHz = 0;
      |                   ^~~~~~
arm-none-eabi-gcc -o "FFT.elf" @"objects.list"  -larm_cortexM4lf_math -mcpu=cortex-m4 -T"C:\Users\chase\Desktop\DSP_PROJECT\DSP_Projects\Firmware\FFT\FFT\STM32F401RETX_FLASH.ld" --specs=nosys.specs -Wl,-Map="FFT.map" -Wl,--gc-sections -static -L"C:\Users\chase\Desktop\DSP_PROJECT\DSP_Projects\Firmware\FFT\FFT\Lib" -u_printf_float --specs=nano.specs -mfpu=fpv4-sp-d16 -mfloat-abi=hard -mthumb -Wl,--start-group -lc -lm -Wl,--end-group
Finished building target: FFT.elf
 
arm-none-eabi-size  FFT.elf 
arm-none-eabi-objdump -h -S FFT.elf  > "FFT.list"
   text	   data	    bss	    dec	    hex	filename
 112268	    468	  18636	 131372	  2012c	FFT.elf
Finished building: default.size.stdout
 
Finished building: FFT.list
 
21:55:36 **** Incremental Build of configuration Debug for project FFT ****
make -j8 all 
arm-none-eabi-gcc "../Core/Src/main.c" -mcpu=cortex-m4 -std=gnu11 -g3 -DDEBUG -DUSE_HAL_DRIVER -DSTM32F401xE -c -I../Core/Inc -I../Drivers/STM32F4xx_HAL_Driver/Inc -I../Drivers/STM32F4xx_HAL_Driver/Inc/Legacy -I../Drivers/CMSIS/Device/ST/STM32F4xx/Include -I../Drivers/CMSIS/Include -O0 -ffunction-sections -fdata-sections -Wall -fstack-usage -fcyclomatic-complexity -MMD -MP -MF"Core/Src/main.d" -MT"Core/Src/main.o" --specs=nano.specs -mfpu=fpv4-sp-d16 -mfloat-abi=hard -mthumb -o "Core/Src/main.o"
../Core/Src/main.c: In function 'HAL_ADC_ConvCpltCallback':
../Core/Src/main.c:95:48: warning: passing argument 2 of 'arm_rfft_fast_f32' from incompatible pointer type [-Wincompatible-pointer-types]
   95 |                 arm_rfft_fast_f32(&fftHandler, &fftBufIn, &fftBufOut, 0);       //perform FFT and send results to out buffer
      |                                                ^~~~~~~~~
      |                                                |
      |                                                float32_t (*)[1024] {aka float (*)[1024]}
In file included from ../Core/Src/main.c:25:
../Core/Inc/arm_math.h:2248:15: note: expected 'float32_t *' {aka 'float *'} but argument is of type 'float32_t (*)[1024]' {aka 'float (*)[1024]'}
 2248 |   float32_t * p, float32_t * pOut,
      |   ~~~~~~~~~~~~^
../Core/Src/main.c:95:59: warning: passing argument 3 of 'arm_rfft_fast_f32' from incompatible pointer type [-Wincompatible-pointer-types]
   95 |                 arm_rfft_fast_f32(&fftHandler, &fftBufIn, &fftBufOut, 0);       //perform FFT and send results to out buffer
      |                                                           ^~~~~~~~~~
      |                                                           |
      |                                                           float32_t (*)[1024] {aka float (*)[1024]}
../Core/Inc/arm_math.h:2248:30: note: expected 'float32_t *' {aka 'float *'} but argument is of type 'float32_t (*)[1024]' {aka 'float (*)[1024]'}
 2248 |   float32_t * p, float32_t * pOut,
      |                  ~~~~~~~~~~~~^~~~
../Core/Src/main.c: In function 'main':
../Core/Src/main.c:173:35: warning: implicit declaration of function 'printf' [-Wimplicit-function-declaration]
  173 |                                   printf("freq = %i\r\n", freqIndex);
      |                                   ^~~~~~
../Core/Src/main.c:26:1: note: include '<stdio.h>' or provide a declaration of 'printf'
   25 | #include "arm_math.h"
  +++ |+#include <stdio.h>
   26 | /* USER CODE END Includes */
../Core/Src/main.c:173:35: warning: incompatible implicit declaration of built-in function 'printf' [-Wbuiltin-declaration-mismatch]
  173 |                                   printf("freq = %i\r\n", freqIndex);
      |                                   ^~~~~~
../Core/Src/main.c:173:35: note: include '<stdio.h>' or provide a declaration of 'printf'
../Core/Src/main.c:152:19: warning: unused variable 'peakHz' [-Wunused-variable]
  152 |   static uint16_t peakHz = 0;
      |                   ^~~~~~
arm-none-eabi-gcc -o "FFT.elf" @"objects.list"  -larm_cortexM4lf_math -mcpu=cortex-m4 -T"C:\Users\chase\Desktop\DSP_PROJECT\DSP_Projects\Firmware\FFT\FFT\STM32F401RETX_FLASH.ld" --specs=nosys.specs -Wl,-Map="FFT.map" -Wl,--gc-sections -static -L"C:\Users\chase\Desktop\DSP_PROJECT\DSP_Projects\Firmware\FFT\FFT\Lib" -u_printf_float --specs=nano.specs -mfpu=fpv4-sp-d16 -mfloat-abi=hard -mthumb -Wl,--start-group -lc -lm -Wl,--end-group
Finished building target: FFT.elf
 
arm-none-eabi-size  FFT.elf 
arm-none-eabi-objdump -h -S FFT.elf  > "FFT.list"
   text	   data	    bss	    dec	    hex	filename
 112268	    468	  10444	 123180	  1e12c	FFT.elf
Finished building: default.size.stdout
 
Finished building: FFT.list
 
21:58:59 **** Incremental Build of configuration Debug for project FFT ****
make -j8 all 
arm-none-eabi-gcc "../Core/Src/main.c" -mcpu=cortex-m4 -std=gnu11 -g3 -DDEBUG -DUSE_HAL_DRIVER -DSTM32F401xE -c -I../Core/Inc -I../Drivers/STM32F4xx_HAL_Driver/Inc -I../Drivers/STM32F4xx_HAL_Driver/Inc/Legacy -I../Drivers/CMSIS/Device/ST/STM32F4xx/Include -I../Drivers/CMSIS/Include -O0 -ffunction-sections -fdata-sections -Wall -fstack-usage -fcyclomatic-complexity -MMD -MP -MF"Core/Src/main.d" -MT"Core/Src/main.o" --specs=nano.specs -mfpu=fpv4-sp-d16 -mfloat-abi=hard -mthumb -o "Core/Src/main.o"
../Core/Src/main.c: In function 'HAL_ADC_ConvCpltCallback':
../Core/Src/main.c:95:48: warning: passing argument 2 of 'arm_rfft_fast_f32' from incompatible pointer type [-Wincompatible-pointer-types]
   95 |                 arm_rfft_fast_f32(&fftHandler, &fftBufIn, &fftBufOut, 0);       //perform FFT and send results to out buffer
      |                                                ^~~~~~~~~
      |                                                |
      |                                                float32_t (*)[1024] {aka float (*)[1024]}
In file included from ../Core/Src/main.c:25:
../Core/Inc/arm_math.h:2248:15: note: expected 'float32_t *' {aka 'float *'} but argument is of type 'float32_t (*)[1024]' {aka 'float (*)[1024]'}
 2248 |   float32_t * p, float32_t * pOut,
      |   ~~~~~~~~~~~~^
../Core/Src/main.c:95:59: warning: passing argument 3 of 'arm_rfft_fast_f32' from incompatible pointer type [-Wincompatible-pointer-types]
   95 |                 arm_rfft_fast_f32(&fftHandler, &fftBufIn, &fftBufOut, 0);       //perform FFT and send results to out buffer
      |                                                           ^~~~~~~~~~
      |                                                           |
      |                                                           float32_t (*)[1024] {aka float (*)[1024]}
../Core/Inc/arm_math.h:2248:30: note: expected 'float32_t *' {aka 'float *'} but argument is of type 'float32_t (*)[1024]' {aka 'float (*)[1024]'}
 2248 |   float32_t * p, float32_t * pOut,
      |                  ~~~~~~~~~~~~^~~~
../Core/Src/main.c: In function 'main':
../Core/Src/main.c:173:35: warning: implicit declaration of function 'printf' [-Wimplicit-function-declaration]
  173 |                                   printf("freq = %i\r\n", freqIndex);
      |                                   ^~~~~~
../Core/Src/main.c:26:1: note: include '<stdio.h>' or provide a declaration of 'printf'
   25 | #include "arm_math.h"
  +++ |+#include <stdio.h>
   26 | /* USER CODE END Includes */
../Core/Src/main.c:173:35: warning: incompatible implicit declaration of built-in function 'printf' [-Wbuiltin-declaration-mismatch]
  173 |                                   printf("freq = %i\r\n", freqIndex);
      |                                   ^~~~~~
../Core/Src/main.c:173:35: note: include '<stdio.h>' or provide a declaration of 'printf'
../Core/Src/main.c:152:19: warning: unused variable 'peakHz' [-Wunused-variable]
  152 |   static uint16_t peakHz = 0;
      |                   ^~~~~~
arm-none-eabi-gcc -o "FFT.elf" @"objects.list"  -larm_cortexM4lf_math -mcpu=cortex-m4 -T"C:\Users\chase\Desktop\DSP_PROJECT\DSP_Projects\Firmware\FFT\FFT\STM32F401RETX_FLASH.ld" --specs=nosys.specs -Wl,-Map="FFT.map" -Wl,--gc-sections -static -L"C:\Users\chase\Desktop\DSP_PROJECT\DSP_Projects\Firmware\FFT\FFT\Lib" -u_printf_float --specs=nano.specs -mfpu=fpv4-sp-d16 -mfloat-abi=hard -mthumb -Wl,--start-group -lc -lm -Wl,--end-group
Finished building target: FFT.elf
 
arm-none-eabi-size  FFT.elf 
arm-none-eabi-objdump -h -S FFT.elf  > "FFT.list"
   text	   data	    bss	    dec	    hex	filename
 112268	    468	  10444	 123180	  1e12c	FFT.elf
Finished building: default.size.stdout
 
Finished building: FFT.list
 
22:03:58 **** Incremental Build of configuration Debug for project FFT ****
make -j8 all 
arm-none-eabi-gcc "../Core/Src/main.c" -mcpu=cortex-m4 -std=gnu11 -g3 -DDEBUG -DUSE_HAL_DRIVER -DSTM32F401xE -c -I../Core/Inc -I../Drivers/STM32F4xx_HAL_Driver/Inc -I../Drivers/STM32F4xx_HAL_Driver/Inc/Legacy -I../Drivers/CMSIS/Device/ST/STM32F4xx/Include -I../Drivers/CMSIS/Include -O0 -ffunction-sections -fdata-sections -Wall -fstack-usage -fcyclomatic-complexity -MMD -MP -MF"Core/Src/main.d" -MT"Core/Src/main.o" --specs=nano.specs -mfpu=fpv4-sp-d16 -mfloat-abi=hard -mthumb -o "Core/Src/main.o"
../Core/Src/main.c: In function 'HAL_ADC_ConvCpltCallback':
../Core/Src/main.c:95:48: warning: passing argument 2 of 'arm_rfft_fast_f32' from incompatible pointer type [-Wincompatible-pointer-types]
   95 |                 arm_rfft_fast_f32(&fftHandler, &fftBufIn, &fftBufOut, 0);       //perform FFT and send results to out buffer
      |                                                ^~~~~~~~~
      |                                                |
      |                                                float32_t (*)[1024] {aka float (*)[1024]}
In file included from ../Core/Src/main.c:25:
../Core/Inc/arm_math.h:2248:15: note: expected 'float32_t *' {aka 'float *'} but argument is of type 'float32_t (*)[1024]' {aka 'float (*)[1024]'}
 2248 |   float32_t * p, float32_t * pOut,
      |   ~~~~~~~~~~~~^
../Core/Src/main.c:95:59: warning: passing argument 3 of 'arm_rfft_fast_f32' from incompatible pointer type [-Wincompatible-pointer-types]
   95 |                 arm_rfft_fast_f32(&fftHandler, &fftBufIn, &fftBufOut, 0);       //perform FFT and send results to out buffer
      |                                                           ^~~~~~~~~~
      |                                                           |
      |                                                           float32_t (*)[1024] {aka float (*)[1024]}
../Core/Inc/arm_math.h:2248:30: note: expected 'float32_t *' {aka 'float *'} but argument is of type 'float32_t (*)[1024]' {aka 'float (*)[1024]'}
 2248 |   float32_t * p, float32_t * pOut,
      |                  ~~~~~~~~~~~~^~~~
../Core/Src/main.c: In function 'main':
../Core/Src/main.c:175:35: warning: implicit declaration of function 'printf' [-Wimplicit-function-declaration]
  175 |                                   printf("freq = %i\r\n", freqIndex);
      |                                   ^~~~~~
../Core/Src/main.c:26:1: note: include '<stdio.h>' or provide a declaration of 'printf'
   25 | #include "arm_math.h"
  +++ |+#include <stdio.h>
   26 | /* USER CODE END Includes */
../Core/Src/main.c:175:35: warning: incompatible implicit declaration of built-in function 'printf' [-Wbuiltin-declaration-mismatch]
  175 |                                   printf("freq = %i\r\n", freqIndex);
      |                                   ^~~~~~
../Core/Src/main.c:175:35: note: include '<stdio.h>' or provide a declaration of 'printf'
../Core/Src/main.c:154:19: warning: unused variable 'peakHz' [-Wunused-variable]
  154 |   static uint16_t peakHz = 0;
      |                   ^~~~~~
arm-none-eabi-gcc -o "FFT.elf" @"objects.list"  -larm_cortexM4lf_math -mcpu=cortex-m4 -T"C:\Users\chase\Desktop\DSP_PROJECT\DSP_Projects\Firmware\FFT\FFT\STM32F401RETX_FLASH.ld" --specs=nosys.specs -Wl,-Map="FFT.map" -Wl,--gc-sections -static -L"C:\Users\chase\Desktop\DSP_PROJECT\DSP_Projects\Firmware\FFT\FFT\Lib" -u_printf_float --specs=nano.specs -mfpu=fpv4-sp-d16 -mfloat-abi=hard -mthumb -Wl,--start-group -lc -lm -Wl,--end-group
Finished building target: FFT.elf
 
arm-none-eabi-size  FFT.elf 
arm-none-eabi-objdump -h -S FFT.elf  > "FFT.list"
   text	   data	    bss	    dec	    hex	filename
 112268	    468	  10444	 123180	  1e12c	FFT.elf
Finished building: default.size.stdout
 
Finished building: FFT.list
 
22:05:22 **** Incremental Build of configuration Debug for project FFT ****
make -j8 all 
arm-none-eabi-size  FFT.elf 
   text	   data	    bss	    dec	    hex	filename
 112268	    468	  10444	 123180	  1e12c	FFT.elf
Finished building: default.size.stdout
 
22:05:54 **** Incremental Build of configuration Debug for project FFT ****
make -j8 all 
arm-none-eabi-size  FFT.elf 
   text	   data	    bss	    dec	    hex	filename
 112268	    468	  10444	 123180	  1e12c	FFT.elf
Finished building: default.size.stdout
 
22:06:12 **** Incremental Build of configuration Debug for project FFT ****
make -j8 all 
arm-none-eabi-size  FFT.elf 
   text	   data	    bss	    dec	    hex	filename
 112268	    468	  10444	 123180	  1e12c	FFT.elf
Finished building: default.size.stdout
 
22:11:50 **** Incremental Build of configuration Debug for project FFT ****
make -j8 all 
arm-none-eabi-size  FFT.elf 
   text	   data	    bss	    dec	    hex	filename
 112268	    468	  10444	 123180	  1e12c	FFT.elf
Finished building: default.size.stdout
 
22:12:34 **** Incremental Build of configuration Debug for project FFT ****
make -j8 all 
arm-none-eabi-size  FFT.elf 
   text	   data	    bss	    dec	    hex	filename
 112268	    468	  10444	 123180	  1e12c	FFT.elf
Finished building: default.size.stdout
 
20:57:54 **** Incremental Build of configuration Debug for project FFT ****
make -j8 all 
arm-none-eabi-size  FFT.elf 
   text	   data	    bss	    dec	    hex	filename
 112268	    468	  10444	 123180	  1e12c	FFT.elf
Finished building: default.size.stdout
 
21:02:35 **** Incremental Build of configuration Debug for project FFT ****
make -j8 all 
arm-none-eabi-size  FFT.elf 
   text	   data	    bss	    dec	    hex	filename
 112268	    468	  10444	 123180	  1e12c	FFT.elf
Finished building: default.size.stdout
 
21:04:02 **** Incremental Build of configuration Debug for project FFT ****
make -j8 all 
arm-none-eabi-size  FFT.elf 
   text	   data	    bss	    dec	    hex	filename
 112268	    468	  10444	 123180	  1e12c	FFT.elf
Finished building: default.size.stdout
 
21:04:26 **** Incremental Build of configuration Debug for project FFT ****
make -j8 all 
arm-none-eabi-size  FFT.elf 
   text	   data	    bss	    dec	    hex	filename
 112268	    468	  10444	 123180	  1e12c	FFT.elf
Finished building: default.size.stdout
 
21:04:53 **** Incremental Build of configuration Debug for project FFT ****
make -j8 all 
arm-none-eabi-size  FFT.elf 
   text	   data	    bss	    dec	    hex	filename
 112268	    468	  10444	 123180	  1e12c	FFT.elf
Finished building: default.size.stdout
 
21:08:07 **** Incremental Build of configuration Debug for project FFT ****
make -j8 all 
arm-none-eabi-size  FFT.elf 
   text	   data	    bss	    dec	    hex	filename
 112268	    468	  10444	 123180	  1e12c	FFT.elf
Finished building: default.size.stdout
 
21:08:27 **** Incremental Build of configuration Debug for project FFT ****
make -j8 all 
arm-none-eabi-size  FFT.elf 
   text	   data	    bss	    dec	    hex	filename
 112268	    468	  10444	 123180	  1e12c	FFT.elf
Finished building: default.size.stdout
 
21:16:23 **** Incremental Build of configuration Debug for project FFT ****
make -j8 all 
arm-none-eabi-gcc "../Core/Src/main.c" -mcpu=cortex-m4 -std=gnu11 -g3 -DDEBUG -DUSE_HAL_DRIVER -DSTM32F401xE -c -I../Core/Inc -I../Drivers/STM32F4xx_HAL_Driver/Inc -I../Drivers/STM32F4xx_HAL_Driver/Inc/Legacy -I../Drivers/CMSIS/Device/ST/STM32F4xx/Include -I../Drivers/CMSIS/Include -O0 -ffunction-sections -fdata-sections -Wall -fstack-usage -fcyclomatic-complexity -MMD -MP -MF"Core/Src/main.d" -MT"Core/Src/main.o" --specs=nano.specs -mfpu=fpv4-sp-d16 -mfloat-abi=hard -mthumb -o "Core/Src/main.o"
../Core/Src/main.c: In function 'HAL_ADC_ConvCpltCallback':
../Core/Src/main.c:95:48: warning: passing argument 2 of 'arm_rfft_fast_f32' from incompatible pointer type [-Wincompatible-pointer-types]
   95 |                 arm_rfft_fast_f32(&fftHandler, &fftBufIn, &fftBufOut, 0);       //perform FFT and send results to out buffer
      |                                                ^~~~~~~~~
      |                                                |
      |                                                uint32_t (*)[1024] {aka long unsigned int (*)[1024]}
In file included from ../Core/Src/main.c:25:
../Core/Inc/arm_math.h:2248:15: note: expected 'float32_t *' {aka 'float *'} but argument is of type 'uint32_t (*)[1024]' {aka 'long unsigned int (*)[1024]'}
 2248 |   float32_t * p, float32_t * pOut,
      |   ~~~~~~~~~~~~^
../Core/Src/main.c:95:59: warning: passing argument 3 of 'arm_rfft_fast_f32' from incompatible pointer type [-Wincompatible-pointer-types]
   95 |                 arm_rfft_fast_f32(&fftHandler, &fftBufIn, &fftBufOut, 0);       //perform FFT and send results to out buffer
      |                                                           ^~~~~~~~~~
      |                                                           |
      |                                                           uint32_t (*)[1024] {aka long unsigned int (*)[1024]}
[...]
../Core/Src/main.c: In function 'main':
../Core/Src/main.c:190:50: warning: passing argument 2 of 'arm_rfft_fast_f32' from incompatible pointer type [-Wincompatible-pointer-types]
  190 |                   arm_rfft_fast_f32(&fftHandler, &fftBufIn, &fftBufOut, 0);     //perform FFT and send results to out buffer
      |                                                  ^~~~~~~~~
      |                                                  |
      |                                                  float32_t (*)[2048] {aka float (*)[2048]}
In file included from ../Core/Src/main.c:25:
../Core/Inc/arm_math.h:2248:15: note: expected 'float32_t *' {aka 'float *'} but argument is of type 'float32_t (*)[2048]' {aka 'float (*)[2048]'}
 2248 |   float32_t * p, float32_t * pOut,
      |   ~~~~~~~~~~~~^
../Core/Src/main.c:190:61: warning: passing argument 3 of 'arm_rfft_fast_f32' from incompatible pointer type [-Wincompatible-pointer-types]
  190 |                   arm_rfft_fast_f32(&fftHandler, &fftBufIn, &fftBufOut, 0);     //perform FFT and send results to out buffer
      |                                                             ^~~~~~~~~~
      |                                                             |
      |                                                             float32_t (*)[2048] {aka float (*)[2048]}
../Core/Inc/arm_math.h:2248:30: note: expected 'float32_t *' {aka 'float *'} but argument is of type 'float32_t (*)[2048]' {aka 'float (*)[2048]'}
 2248 |   float32_t * p, float32_t * pOut,
      |                  ~~~~~~~~~~~~^~~~
../Core/Src/main.c:191:37: warning: passing argument 1 of 'arm_cmplx_mag_f32' from incompatible pointer type [-Wincompatible-pointer-types]
  191 |                   arm_cmplx_mag_f32(&fftBufOut, &magOutBuf, FFT_BUFFER_SIZE/2);
      |                                     ^~~~~~~~~~
      |                                     |
      |                                     float32_t (*)[2048] {aka float (*)[2048]}
../Core/Inc/arm_math.h:6313:15: note: expected 'float32_t *' {aka 'float *'} but argument is of type 'float32_t (*)[2048]' {aka 'float (*)[2048]'}
 6313 |   float32_t * pSrc,
      |   ~~~~~~~~~~~~^~~~
../Core/Src/main.c:191:49: warning: passing argument 2 of 'arm_cmplx_mag_f32' from incompatible pointer type [-Wincompatible-pointer-types]
  191 |                   arm_cmplx_mag_f32(&fftBufOut, &magOutBuf, FFT_BUFFER_SIZE/2);
      |                                                 ^~~~~~~~~~
      |                                                 |
      |                                                 float32_t (*)[2048] {aka float (*)[2048]}
../Core/Inc/arm_math.h:6314:15: note: expected 'float32_t *' {aka 'float *'} but argument is of type 'float32_t (*)[2048]' {aka 'float (*)[2048]'}
 6314 |   float32_t * pDst,
      |   ~~~~~~~~~~~~^~~~
../Core/Src/main.c:193:31: warning: passing argument 1 of 'arm_max_f32' from incompatible pointer type [-Wincompatible-pointer-types]
  193 |                   arm_max_f32(&magOutBuf, FFT_BUFFER_SIZE/2, &MaxVal, &MaxIndex);
      |                               ^~~~~~~~~~
      |                               |
      |                               float32_t (*)[2048] {aka float (*)[2048]}
../Core/Inc/arm_math.h:6538:15: note: expected 'float32_t *' {aka 'float *'} but argument is of type 'float32_t (*)[2048]' {aka 'float (*)[2048]'}
 6538 |   float32_t * pSrc,
      |   ~~~~~~~~~~~~^~~~
../Core/Src/main.c:193:71: warning: passing argument 4 of 'arm_max_f32' from incompatible pointer type [-Wincompatible-pointer-types]
  193 |                   arm_max_f32(&magOutBuf, FFT_BUFFER_SIZE/2, &MaxVal, &MaxIndex);
      |                                                                       ^~~~~~~~~
      |                                                                       |
      |                                                                       uint16_t * {aka short unsigned int *}
../Core/Inc/arm_math.h:6541:14: note: expected 'uint32_t *' {aka 'long unsigned int *'} but argument is of type 'uint16_t *' {aka 'short unsigned int *'}
 6541 |   uint32_t * pIndex);
      |   ~~~~~~~~~~~^~~~~~
../Core/Src/main.c:194:19: warning: implicit declaration of function 'printf' [-Wimplicit-function-declaration]
  194 |                   printf("Index = %i\r\n", MaxIndex);
      |                   ^~~~~~
../Core/Src/main.c:26:1: note: include '<stdio.h>' or provide a declaration of 'printf'
   25 | #include "arm_math.h"
  +++ |+#include <stdio.h>
   26 | /* USER CODE END Includes */
../Core/Src/main.c:194:19: warning: incompatible implicit declaration of built-in function 'printf' [-Wbuiltin-declaration-mismatch]
  194 |                   printf("Index = %i\r\n", MaxIndex);
      |                   ^~~~~~
../Core/Src/main.c:194:19: note: include '<stdio.h>' or provide a declaration of 'printf'
../Core/Src/main.c:163:11: warning: unused variable 'val' [-Wunused-variable]
  163 |   int16_t val = 0.0f;
      |           ^~~
../Core/Src/main.c:162:13: warning: unused variable 'curVal' [-Wunused-variable]
  162 |   float32_t curVal = 0.0f;
      |             ^~~~~~
../Core/Src/main.c:161:12: warning: unused variable 'peakHz' [-Wunused-variable]
  161 |   uint16_t peakHz = 0;
      |            ^~~~~~
../Core/Src/main.c:160:13: warning: unused variable 'peakVal' [-Wunused-variable]
  160 |   float32_t peakVal = 0.0f;
      |             ^~~~~~~
arm-none-eabi-gcc -o "FFT.elf" @"objects.list"  -larm_cortexM4lf_math -mcpu=cortex-m4 -T"C:\Users\chase\Desktop\DSP_PROJECT\DSP_Projects\Firmware\FFT\FFT\STM32F401RETX_FLASH.ld" --specs=nosys.specs -Wl,-Map="FFT.map" -Wl,--gc-sections -static -L"C:\Users\chase\Desktop\DSP_PROJECT\DSP_Projects\Firmware\FFT\FFT\Lib" -u_printf_float --specs=nano.specs -mfpu=fpv4-sp-d16 -mfloat-abi=hard -mthumb -Wl,--start-group -lc -lm -Wl,--end-group
Finished building target: FFT.elf
 
arm-none-eabi-size  FFT.elf 
arm-none-eabi-objdump -h -S FFT.elf  > "FFT.list"
   text	   data	    bss	    dec	    hex	filename
 112940	    468	  26828	 140236	  223cc	FFT.elf
Finished building: default.size.stdout
 
Finished building: FFT.list
 
14:28:12 **** Incremental Build of configuration Debug for project FFT ****
make -j8 all 
arm-none-eabi-gcc "../Core/Src/main.c" -mcpu=cortex-m4 -std=gnu11 -g3 -DDEBUG -DUSE_HAL_DRIVER -DSTM32F401xE -c -I../Core/Inc -I../Drivers/STM32F4xx_HAL_Driver/Inc -I../Drivers/STM32F4xx_HAL_Driver/Inc/Legacy -I../Drivers/CMSIS/Device/ST/STM32F4xx/Include -I../Drivers/CMSIS/Include -O0 -ffunction-sections -fdata-sections -Wall -fstack-usage -fcyclomatic-complexity -MMD -MP -MF"Core/Src/main.d" -MT"Core/Src/main.o" --specs=nano.specs -mfpu=fpv4-sp-d16 -mfloat-abi=hard -mthumb -o "Core/Src/main.o"
../Core/Src/main.c: In function 'main':
../Core/Src/main.c:190:50: warning: passing argument 2 of 'arm_rfft_fast_f32' from incompatible pointer type [-Wincompatible-pointer-types]
  190 |                   arm_rfft_fast_f32(&fftHandler, &fftBufIn, &fftBufOut, 0);     //perform FFT and send results to out buffer
      |                                                  ^~~~~~~~~
      |                                                  |
      |                                                  float32_t (*)[2048] {aka float (*)[2048]}
In file included from ../Core/Src/main.c:25:
../Core/Inc/arm_math.h:2248:15: note: expected 'float32_t *' {aka 'float *'} but argument is of type 'float32_t (*)[2048]' {aka 'float (*)[2048]'}
 2248 |   float32_t * p, float32_t * pOut,
      |   ~~~~~~~~~~~~^
../Core/Src/main.c:190:61: warning: passing argument 3 of 'arm_rfft_fast_f32' from incompatible pointer type [-Wincompatible-pointer-types]
  190 |                   arm_rfft_fast_f32(&fftHandler, &fftBufIn, &fftBufOut, 0);     //perform FFT and send results to out buffer
      |                                                             ^~~~~~~~~~
      |                                                             |
      |                                                             float32_t (*)[2048] {aka float (*)[2048]}
../Core/Inc/arm_math.h:2248:30: note: expected 'float32_t *' {aka 'float *'} but argument is of type 'float32_t (*)[2048]' {aka 'float (*)[2048]'}
 2248 |   float32_t * p, float32_t * pOut,
      |                  ~~~~~~~~~~~~^~~~
../Core/Src/main.c:191:37: warning: passing argument 1 of 'arm_cmplx_mag_f32' from incompatible pointer type [-Wincompatible-pointer-types]
  191 |                   arm_cmplx_mag_f32(&fftBufOut, &magOutBuf, FFT_BUFFER_SIZE/2);
      |                                     ^~~~~~~~~~
      |                                     |
      |                                     float32_t (*)[2048] {aka float (*)[2048]}
../Core/Inc/arm_math.h:6313:15: note: expected 'float32_t *' {aka 'float *'} but argument is of type 'float32_t (*)[2048]' {aka 'float (*)[2048]'}
 6313 |   float32_t * pSrc,
      |   ~~~~~~~~~~~~^~~~
../Core/Src/main.c:191:49: warning: passing argument 2 of 'arm_cmplx_mag_f32' from incompatible pointer type [-Wincompatible-pointer-types]
  191 |                   arm_cmplx_mag_f32(&fftBufOut, &magOutBuf, FFT_BUFFER_SIZE/2);
      |                                                 ^~~~~~~~~~
      |                                                 |
      |                                                 float32_t (*)[2048] {aka float (*)[2048]}
../Core/Inc/arm_math.h:6314:15: note: expected 'float32_t *' {aka 'float *'} but argument is of type 'float32_t (*)[2048]' {aka 'float (*)[2048]'}
 6314 |   float32_t * pDst,
      |   ~~~~~~~~~~~~^~~~
../Core/Src/main.c:193:31: warning: passing argument 1 of 'arm_max_f32' from incompatible pointer type [-Wincompatible-pointer-types]
  193 |                   arm_max_f32(&magOutBuf, FFT_BUFFER_SIZE/2, &MaxVal, &MaxIndex);
      |                               ^~~~~~~~~~
      |                               |
      |                               float32_t (*)[2048] {aka float (*)[2048]}
../Core/Inc/arm_math.h:6538:15: note: expected 'float32_t *' {aka 'float *'} but argument is of type 'float32_t (*)[2048]' {aka 'float (*)[2048]'}
 6538 |   float32_t * pSrc,
      |   ~~~~~~~~~~~~^~~~
../Core/Src/main.c:193:71: warning: passing argument 4 of 'arm_max_f32' from incompatible pointer type [-Wincompatible-pointer-types]
  193 |                   arm_max_f32(&magOutBuf, FFT_BUFFER_SIZE/2, &MaxVal, &MaxIndex);
      |                                                                       ^~~~~~~~~
      |                                                                       |
      |                                                                       uint16_t * {aka short unsigned int *}
../Core/Inc/arm_math.h:6541:14: note: expected 'uint32_t *' {aka 'long unsigned int *'} but argument is of type 'uint16_t *' {aka 'short unsigned int *'}
 6541 |   uint32_t * pIndex);
      |   ~~~~~~~~~~~^~~~~~
../Core/Src/main.c:194:19: warning: implicit declaration of function 'printf' [-Wimplicit-function-declaration]
  194 |                   printf("Index = %i\r\n", MaxIndex);
      |                   ^~~~~~
../Core/Src/main.c:26:1: note: include '<stdio.h>' or provide a declaration of 'printf'
   25 | #include "arm_math.h"
  +++ |+#include <stdio.h>
   26 | /* USER CODE END Includes */
../Core/Src/main.c:194:19: warning: incompatible implicit declaration of built-in function 'printf' [-Wbuiltin-declaration-mismatch]
  194 |                   printf("Index = %i\r\n", MaxIndex);
      |                   ^~~~~~
../Core/Src/main.c:194:19: note: include '<stdio.h>' or provide a declaration of 'printf'
../Core/Src/main.c:163:11: warning: unused variable 'val' [-Wunused-variable]
  163 |   int16_t val = 0.0f;
      |           ^~~
../Core/Src/main.c:162:13: warning: unused variable 'curVal' [-Wunused-variable]
  162 |   float32_t curVal = 0.0f;
      |             ^~~~~~
../Core/Src/main.c:161:12: warning: unused variable 'peakHz' [-Wunused-variable]
  161 |   uint16_t peakHz = 0;
      |            ^~~~~~
../Core/Src/main.c:160:13: warning: unused variable 'peakVal' [-Wunused-variable]
  160 |   float32_t peakVal = 0.0f;
      |             ^~~~~~~
arm-none-eabi-gcc -o "FFT.elf" @"objects.list"  -larm_cortexM4lf_math -mcpu=cortex-m4 -T"C:\Users\chase\Desktop\DSP_PROJECT\DSP_Projects\Firmware\FFT\FFT\STM32F401RETX_FLASH.ld" --specs=nosys.specs -Wl,-Map="FFT.map" -Wl,--gc-sections -static -L"C:\Users\chase\Desktop\DSP_PROJECT\DSP_Projects\Firmware\FFT\FFT\Lib" -u_printf_float --specs=nano.specs -mfpu=fpv4-sp-d16 -mfloat-abi=hard -mthumb -Wl,--start-group -lc -lm -Wl,--end-group
Finished building target: FFT.elf
 
arm-none-eabi-size  FFT.elf 
arm-none-eabi-objdump -h -S FFT.elf  > "FFT.list"
   text	   data	    bss	    dec	    hex	filename
 112940	    468	  26828	 140236	  223cc	FFT.elf
Finished building: default.size.stdout
 
Finished building: FFT.list
 
14:29:22 **** Incremental Build of configuration Debug for project FFT ****
make -j8 all 
arm-none-eabi-gcc "../Core/Src/main.c" -mcpu=cortex-m4 -std=gnu11 -g3 -DDEBUG -DUSE_HAL_DRIVER -DSTM32F401xE -c -I../Core/Inc -I../Drivers/STM32F4xx_HAL_Driver/Inc -I../Drivers/STM32F4xx_HAL_Driver/Inc/Legacy -I../Drivers/CMSIS/Device/ST/STM32F4xx/Include -I../Drivers/CMSIS/Include -O0 -ffunction-sections -fdata-sections -Wall -fstack-usage -fcyclomatic-complexity -MMD -MP -MF"Core/Src/main.d" -MT"Core/Src/main.o" --specs=nano.specs -mfpu=fpv4-sp-d16 -mfloat-abi=hard -mthumb -o "Core/Src/main.o"
../Core/Src/main.c: In function 'main':
../Core/Src/main.c:190:50: warning: passing argument 2 of 'arm_rfft_fast_f32' from incompatible pointer type [-Wincompatible-pointer-types]
  190 |                   arm_rfft_fast_f32(&fftHandler, &fftBufIn, &fftBufOut, 0);     //perform FFT and send results to out buffer
      |                                                  ^~~~~~~~~
      |                                                  |
      |                                                  float32_t (*)[4096] {aka float (*)[4096]}
In file included from ../Core/Src/main.c:25:
../Core/Inc/arm_math.h:2248:15: note: expected 'float32_t *' {aka 'float *'} but argument is of type 'float32_t (*)[4096]' {aka 'float (*)[4096]'}
 2248 |   float32_t * p, float32_t * pOut,
      |   ~~~~~~~~~~~~^
../Core/Src/main.c:190:61: warning: passing argument 3 of 'arm_rfft_fast_f32' from incompatible pointer type [-Wincompatible-pointer-types]
  190 |                   arm_rfft_fast_f32(&fftHandler, &fftBufIn, &fftBufOut, 0);     //perform FFT and send results to out buffer
      |                                                             ^~~~~~~~~~
      |                                                             |
      |                                                             float32_t (*)[4096] {aka float (*)[4096]}
../Core/Inc/arm_math.h:2248:30: note: expected 'float32_t *' {aka 'float *'} but argument is of type 'float32_t (*)[4096]' {aka 'float (*)[4096]'}
 2248 |   float32_t * p, float32_t * pOut,
      |                  ~~~~~~~~~~~~^~~~
../Core/Src/main.c:191:37: warning: passing argument 1 of 'arm_cmplx_mag_f32' from incompatible pointer type [-Wincompatible-pointer-types]
  191 |                   arm_cmplx_mag_f32(&fftBufOut, &magOutBuf, FFT_BUFFER_SIZE/2);
      |                                     ^~~~~~~~~~
      |                                     |
      |                                     float32_t (*)[4096] {aka float (*)[4096]}
../Core/Inc/arm_math.h:6313:15: note: expected 'float32_t *' {aka 'float *'} but argument is of type 'float32_t (*)[4096]' {aka 'float (*)[4096]'}
 6313 |   float32_t * pSrc,
      |   ~~~~~~~~~~~~^~~~
../Core/Src/main.c:191:49: warning: passing argument 2 of 'arm_cmplx_mag_f32' from incompatible pointer type [-Wincompatible-pointer-types]
  191 |                   arm_cmplx_mag_f32(&fftBufOut, &magOutBuf, FFT_BUFFER_SIZE/2);
      |                                                 ^~~~~~~~~~
      |                                                 |
      |                                                 float32_t (*)[4096] {aka float (*)[4096]}
../Core/Inc/arm_math.h:6314:15: note: expected 'float32_t *' {aka 'float *'} but argument is of type 'float32_t (*)[4096]' {aka 'float (*)[4096]'}
 6314 |   float32_t * pDst,
      |   ~~~~~~~~~~~~^~~~
../Core/Src/main.c:193:31: warning: passing argument 1 of 'arm_max_f32' from incompatible pointer type [-Wincompatible-pointer-types]
  193 |                   arm_max_f32(&magOutBuf, FFT_BUFFER_SIZE/2, &MaxVal, &MaxIndex);
      |                               ^~~~~~~~~~
      |                               |
      |                               float32_t (*)[4096] {aka float (*)[4096]}
../Core/Inc/arm_math.h:6538:15: note: expected 'float32_t *' {aka 'float *'} but argument is of type 'float32_t (*)[4096]' {aka 'float (*)[4096]'}
 6538 |   float32_t * pSrc,
      |   ~~~~~~~~~~~~^~~~
../Core/Src/main.c:193:71: warning: passing argument 4 of 'arm_max_f32' from incompatible pointer type [-Wincompatible-pointer-types]
  193 |                   arm_max_f32(&magOutBuf, FFT_BUFFER_SIZE/2, &MaxVal, &MaxIndex);
      |                                                                       ^~~~~~~~~
      |                                                                       |
      |                                                                       uint16_t * {aka short unsigned int *}
../Core/Inc/arm_math.h:6541:14: note: expected 'uint32_t *' {aka 'long unsigned int *'} but argument is of type 'uint16_t *' {aka 'short unsigned int *'}
 6541 |   uint32_t * pIndex);
      |   ~~~~~~~~~~~^~~~~~
../Core/Src/main.c:194:19: warning: implicit declaration of function 'printf' [-Wimplicit-function-declaration]
  194 |                   printf("Index = %i\r\n", MaxIndex);
      |                   ^~~~~~
../Core/Src/main.c:26:1: note: include '<stdio.h>' or provide a declaration of 'printf'
   25 | #include "arm_math.h"
  +++ |+#include <stdio.h>
   26 | /* USER CODE END Includes */
../Core/Src/main.c:194:19: warning: incompatible implicit declaration of built-in function 'printf' [-Wbuiltin-declaration-mismatch]
  194 |                   printf("Index = %i\r\n", MaxIndex);
      |                   ^~~~~~
../Core/Src/main.c:194:19: note: include '<stdio.h>' or provide a declaration of 'printf'
../Core/Src/main.c:163:11: warning: unused variable 'val' [-Wunused-variable]
  163 |   int16_t val = 0.0f;
      |           ^~~
../Core/Src/main.c:162:13: warning: unused variable 'curVal' [-Wunused-variable]
  162 |   float32_t curVal = 0.0f;
      |             ^~~~~~
../Core/Src/main.c:161:12: warning: unused variable 'peakHz' [-Wunused-variable]
  161 |   uint16_t peakHz = 0;
      |            ^~~~~~
../Core/Src/main.c:160:13: warning: unused variable 'peakVal' [-Wunused-variable]
  160 |   float32_t peakVal = 0.0f;
      |             ^~~~~~~
arm-none-eabi-gcc -o "FFT.elf" @"objects.list"  -larm_cortexM4lf_math -mcpu=cortex-m4 -T"C:\Users\chase\Desktop\DSP_PROJECT\DSP_Projects\Firmware\FFT\FFT\STM32F401RETX_FLASH.ld" --specs=nosys.specs -Wl,-Map="FFT.map" -Wl,--gc-sections -static -L"C:\Users\chase\Desktop\DSP_PROJECT\DSP_Projects\Firmware\FFT\FFT\Lib" -u_printf_float --specs=nano.specs -mfpu=fpv4-sp-d16 -mfloat-abi=hard -mthumb -Wl,--start-group -lc -lm -Wl,--end-group
Finished building target: FFT.elf
 
arm-none-eabi-size  FFT.elf 
arm-none-eabi-objdump -h -S FFT.elf  > "FFT.list"
   text	   data	    bss	    dec	    hex	filename
 112940	    468	  51404	 164812	  283cc	FFT.elf
Finished building: default.size.stdout
 
Finished building: FFT.list
 
