23:01:22 **** Incremental Build of configuration Debug for project DSPmini ****
make -j8 all 
arm-none-eabi-gcc "../Core/Src/main.c" -mcpu=cortex-m4 -std=gnu11 -g3 -DDEBUG -DUSE_HAL_DRIVER -DSTM32F415xx -c -I../Core/Inc -I../Drivers/STM32F4xx_HAL_Driver/Inc -I../Drivers/STM32F4xx_HAL_Driver/Inc/Legacy -I../Drivers/CMSIS/Device/ST/STM32F4xx/Include -I../Drivers/CMSIS/Include -O0 -ffunction-sections -fdata-sections -Wall -fstack-usage -fcyclomatic-complexity -MMD -MP -MF"Core/Src/main.d" -MT"Core/Src/main.o" --specs=nano.specs -mfpu=fpv4-sp-d16 -mfloat-abi=hard -mthumb -o "Core/Src/main.o"
arm-none-eabi-gcc -o "DSPmini.elf" @"objects.list"   -mcpu=cortex-m4 -T"C:\Users\chase\Desktop\DSP_PROJECT\DSP_Projects\Firmware\FFT\DSP_mini\DSPmini\STM32F415RGTX_FLASH.ld" --specs=nosys.specs -Wl,-Map="DSPmini.map" -Wl,--gc-sections -static --specs=nano.specs -mfpu=fpv4-sp-d16 -mfloat-abi=hard -mthumb -Wl,--start-group -lc -lm -Wl,--end-group
Finished building target: DSPmini.elf
 
arm-none-eabi-size  DSPmini.elf 
arm-none-eabi-objdump -h -S DSPmini.elf  > "DSPmini.list"
   text	   data	    bss	    dec	    hex	filename
  19456	     12	   2796	  22264	   56f8	DSPmini.elf
Finished building: default.size.stdout
 
Finished building: DSPmini.list
 

23:01:23 Build Finished. 0 errors, 0 warnings. (took 1s.647ms)

